Ridgerunner 2.3.1
Built Sep 13 2026, 00:43:43.
plCurve Version: 10.1.0
Octrope Version: 10.1.0
tsnnls Version: 2.5.1
Seeded from dev/random with seed 2074365266.
Loaded 1 component, 47 vertex plCurve from trefoil_initial.vect.
Saved copy of trefoil_initial.vect to ./trefoil_initial.rr/trefoil_initial.vect.
Rerez'd, autoscaled, eq'd file written to ./trefoil_initial.rr/trefoil_initial.atstart.vect.
Overstep tolerance: 0.000100 of thickness 0.500000 (0.499950) minminrad: 0.49997500
ridgerunner: Curses screen display disabled, using stdout.
             Define CURSES_DISPLAY to enable better screen display.
ridgerunner: Starting run. Will stop if 
               step number >= 250 
               residual < 0 
               ropelength decrease over last 20 steps < -1000.

   1 Rop: 76.24928345368 Str:   0 MRstruts:   0 Thi: 0.5077909 
   2 Rop: 69.14800366171 Str:   3 MRstruts:   0 Thi: 0.4831989 
   3 Rop: 69.06612733252 Str:   0 MRstruts:   0 Thi: 0.5000001 
   4 Rop: 69.06614387535 Str:   1 MRstruts:   0 Thi: 0.5000000 
   5 Rop: 69.06612751751 Str:   2 MRstruts:   0 Thi: 0.5000000 
   6 Rop: 65.13196005687 Str:   2 MRstruts:   0 Thi: 0.4958653 
   7 Rop: 65.10139372669 Str:   2 MRstruts:   0 Thi: 0.4999957 
   8 Rop: 64.98115727042 Str:   3 MRstruts:   0 Thi: 0.4999634 
   9 Rop: 64.85819863826 Str:   4 MRstruts:   0 Thi: 0.4999235 
  10 Rop: 64.85817778458 Str:   1 MRstruts:   0 Thi: 0.5000000 
  11 Rop: 64.85818527610 Str:   2 MRstruts:   0 Thi: 0.4999999 
  12 Rop: 64.85670923395 Str:   2 MRstruts:   0 Thi: 0.4999998 
  13 Rop: 64.85556413735 Str:   3 MRstruts:   0 Thi: 0.4999998 
  14 Rop: 62.62650893266 Str:   1 MRstruts:   0 Thi: 0.4889773 
  15 Rop: 62.20414907642 Str:   1 MRstruts:   0 Thi: 0.4999970 
  16 Rop: 62.20358401347 Str:   2 MRstruts:   0 Thi: 0.4999970 
  17 Rop: 62.08895003452 Str:   3 MRstruts:   0 Thi: 0.4999954 
  18 Rop: 59.95138500360 Str:   2 MRstruts:   0 Thi: 0.4983406 
  19 Rop: 59.94914173174 Str:   0 MRstruts:   0 Thi: 0.5000000 
  20 Rop: 59.94916972012 Str:   1 MRstruts:   0 Thi: 0.4999996 
  21 Rop: 59.94915324635 Str:   2 MRstruts:   0 Thi: 0.4999996 
  22 Rop: 59.82899842395 Str:   1 MRstruts:   0 Thi: 0.4999999 
  23 Rop: 59.82901225066 Str:   2 MRstruts:   0 Thi: 0.4999997 
  24 Rop: 59.82852042763 Str:   3 MRstruts:   0 Thi: 0.4999997 
  25 Rop: 58.33559902114 Str:   0 MRstruts:   0 Thi: 0.5001652 
  26 Rop: 58.34854671773 Str:   0 MRstruts:   0 Thi: 0.5000006 
  27 Rop: 58.34859466647 Str:   0 MRstruts:   0 Thi: 0.5000000 
  28 Rop: 58.34862043267 Str:   1 MRstruts:   0 Thi: 0.4999997 
  29 Rop: 58.34731407868 Str:   2 MRstruts:   0 Thi: 0.4999997 
  30 Rop: 58.34723252623 Str:   3 MRstruts:   0 Thi: 0.4999997 
  31 Rop: 57.16813498215 Str:   1 MRstruts:   0 Thi: 0.4997790 
  32 Rop: 57.16006036322 Str:   1 MRstruts:   0 Thi: 0.4999996 
  33 Rop: 57.16004650586 Str:   2 MRstruts:   0 Thi: 0.4999996 
  34 Rop: 57.15872097761 Str:   3 MRstruts:   0 Thi: 0.4999996 
  35 Rop: 56.05470543013 Str:   0 MRstruts:   0 Thi: 0.5001904 
  36 Rop: 56.07000477749 Str:   0 MRstruts:   0 Thi: 0.5000018 
  37 Rop: 56.07014768376 Str:   1 MRstruts:   0 Thi: 0.5000000 
  38 Rop: 56.06835712331 Str:   2 MRstruts:   0 Thi: 0.4999998 
  39 Rop: 56.06825607915 Str:   3 MRstruts:   0 Thi: 0.4999998 
  40 Rop: 55.11343532264 Str:   0 MRstruts:   0 Thi: 0.5001443 
  41 Rop: 55.12501213887 Str:   0 MRstruts:   0 Thi: 0.5000007 
  42 Rop: 55.12506610171 Str:   0 MRstruts:   0 Thi: 0.5000000 
  43 Rop: 55.12509564079 Str:   1 MRstruts:   0 Thi: 0.4999996 
  44 Rop: 55.12485717983 Str:   2 MRstruts:   0 Thi: 0.4999996 
  45 Rop: 55.12450135541 Str:   3 MRstruts:   0 Thi: 0.4999996 
  46 Rop: 54.24915004265 Str:   0 MRstruts:   0 Thi: 0.5001579 
  47 Rop: 54.26219225622 Str:   0 MRstruts:   0 Thi: 0.5000003 
  48 Rop: 54.26222553031 Str:   1 MRstruts:   0 Thi: 0.4999999 
  49 Rop: 54.26186842545 Str:   2 MRstruts:   0 Thi: 0.4999999 
  50 Rop: 54.26156080389 Str:   3 MRstruts:   0 Thi: 0.4999999 
  51 Rop: 53.54613669102 Str:   1 MRstruts:   0 Thi: 0.4999881 
  52 Rop: 53.54313886869 Str:   2 MRstruts:   0 Thi: 0.4999881 
  53 Rop: 53.54277634216 Str:   3 MRstruts:   0 Thi: 0.4999881 
  54 Rop: 53.54113492802 Str:   4 MRstruts:   0 Thi: 0.4999881 
  55 Rop: 52.67758616456 Str:   1 MRstruts:   0 Thi: 0.4996562 
  56 Rop: 52.66499244895 Str:   1 MRstruts:   0 Thi: 0.4999999 
  57 Rop: 52.66495654583 Str:   2 MRstruts:   0 Thi: 0.4999999 
  58 Rop: 52.66297999157 Str:   2 MRstruts:   0 Thi: 0.4999999 
  59 Rop: 52.66297130565 Str:   3 MRstruts:   0 Thi: 0.4999999 
  60 Rop: 52.66205527416 Str:   3 MRstruts:   0 Thi: 0.4999999 
  61 Rop: 52.66204430068 Str:   4 MRstruts:   0 Thi: 0.4999999 
  62 Rop: 51.92882380672 Str:   1 MRstruts:   0 Thi: 0.4998488 
  63 Rop: 51.92171089084 Str:   1 MRstruts:   0 Thi: 0.5000000 
  64 Rop: 51.92169522314 Str:   2 MRstruts:   0 Thi: 0.5000000 
  65 Rop: 51.92009775729 Str:   2 MRstruts:   0 Thi: 0.5000000 
  66 Rop: 51.92008266859 Str:   3 MRstruts:   0 Thi: 0.5000000 
  67 Rop: 51.91954671030 Str:   3 MRstruts:   0 Thi: 0.5000000 
  68 Rop: 51.91955775148 Str:   4 MRstruts:   0 Thi: 0.4999998 
  69 Rop: 51.73771477413 Str:   3 MRstruts:   0 Thi: 0.4958097 
  70 Rop: 51.72954784726 Str:   1 MRstruts:   0 Thi: 0.5000000 
  71 Rop: 51.72946470450 Str:   2 MRstruts:   0 Thi: 0.5000000 
  72 Rop: 51.66315182385 Str:   2 MRstruts:   0 Thi: 0.4999973 
  73 Rop: 51.66265903247 Str:   3 MRstruts:   0 Thi: 0.4999973 
  74 Rop: 51.49513623449 Str:   2 MRstruts:   0 Thi: 0.4999941 
  75 Rop: 51.49498636950 Str:   3 MRstruts:   0 Thi: 0.4999941 
  76 Rop: 51.49469258134 Str:   4 MRstruts:   0 Thi: 0.4999941 
  77 Rop: 51.39568764080 Str:   5 MRstruts:   0 Thi: 0.4999893 
  78 Rop: 50.89266875229 Str:   6 MRstruts:   2 Thi: 0.4909339 
  79 Rop: 50.89221884988 Str:   1 MRstruts:   0 Thi: 0.5000000 
  80 Rop: 50.89224886278 Str:   2 MRstruts:   0 Thi: 0.4999996 
  81 Rop: 50.72199795967 Str:   2 MRstruts:   0 Thi: 0.4999774 
  82 Rop: 50.72152791882 Str:   3 MRstruts:   0 Thi: 0.4999774 
  83 Rop: 50.71189748077 Str:   4 MRstruts:   0 Thi: 0.4999767 
  84 Rop: 50.63303457524 Str:   5 MRstruts:   0 Thi: 0.4999714 
  85 Rop: 50.56241317188 Str:   6 MRstruts:   0 Thi: 0.4999722 
  86 Rop: 50.44001769209 Str:   7 MRstruts:   0 Thi: 0.4999680 
  87 Rop: 49.39301013952 Str:   6 MRstruts:   0 Thi: 0.4991428 
  88 Rop: 49.38657801643 Str:   2 MRstruts:   0 Thi: 0.4999994 
  89 Rop: 49.38626995152 Str:   3 MRstruts:   0 Thi: 0.4999994 
  90 Rop: 49.38321134678 Str:   3 MRstruts:   0 Thi: 0.4999994 
  91 Rop: 49.38317696741 Str:   4 MRstruts:   0 Thi: 0.4999994 
  92 Rop: 49.38002774792 Str:   4 MRstruts:   0 Thi: 0.4999994 
  93 Rop: 49.37999948778 Str:   5 MRstruts:   0 Thi: 0.4999994 
  94 Rop: 49.37794900324 Str:   6 MRstruts:   0 Thi: 0.4999994 
  95 Rop: 49.37559288236 Str:   7 MRstruts:   0 Thi: 0.4999993 
  96 Rop: 48.89919025807 Str:   3 MRstruts:   0 Thi: 0.4999446 
  97 Rop: 48.89839291546 Str:   1 MRstruts:   0 Thi: 0.5000000 
  98 Rop: 48.89840256274 Str:   2 MRstruts:   0 Thi: 0.4999998 
  99 Rop: 48.89767508979 Str:   3 MRstruts:   0 Thi: 0.4999998 
 100 Rop: 48.89763637710 Str:   4 MRstruts:   0 Thi: 0.4999998 
 101 Rop: 48.89758938646 Str:   5 MRstruts:   0 Thi: 0.4999998 
 102 Rop: 48.89710644016 Str:   6 MRstruts:   0 Thi: 0.4999998 
 103 Rop: 48.89695677023 Str:   7 MRstruts:   0 Thi: 0.4999998 
 104 Rop: 48.45870178617 Str:   3 MRstruts:   0 Thi: 0.4999656 
 105 Rop: 48.45770262560 Str:   7 MRstruts:   0 Thi: 0.4999656 
 106 Rop: 48.03391410156 Str:   4 MRstruts:   0 Thi: 0.4999359 
 107 Rop: 48.03299868558 Str:   1 MRstruts:   0 Thi: 0.5000000 
 108 Rop: 48.03298885215 Str:   1 MRstruts:   0 Thi: 0.5000000 
 109 Rop: 48.03302274677 Str:   2 MRstruts:   0 Thi: 0.4999995 
 110 Rop: 48.03283037249 Str:   3 MRstruts:   0 Thi: 0.4999995 
 111 Rop: 48.03272330708 Str:   4 MRstruts:   0 Thi: 0.4999995 
 112 Rop: 48.03255623169 Str:   5 MRstruts:   0 Thi: 0.4999995 
 113 Rop: 48.03217109895 Str:   6 MRstruts:   0 Thi: 0.4999995 
 114 Rop: 48.03191831474 Str:   7 MRstruts:   0 Thi: 0.4999995 
 115 Rop: 47.63028502654 Str:   3 MRstruts:   0 Thi: 0.4999751 
 116 Rop: 47.62936327376 Str:   7 MRstruts:   0 Thi: 0.4999751 
 117 Rop: 47.39032567814 Str:   4 MRstruts:   1 Thi: 0.4983572 
 118 Rop: 47.39035751854 Str:   1 MRstruts:   0 Thi: 0.4999996 
 119 Rop: 47.35877755102 Str:   1 MRstruts:   0 Thi: 0.4999991 
 120 Rop: 47.35858929793 Str:   2 MRstruts:   0 Thi: 0.4999991 
 121 Rop: 47.35523332886 Str:   3 MRstruts:   0 Thi: 0.4999990 
 122 Rop: 47.35483063745 Str:   4 MRstruts:   0 Thi: 0.4999990 
 123 Rop: 47.34799286846 Str:   5 MRstruts:   0 Thi: 0.4999990 
 124 Rop: 47.34775697929 Str:   6 MRstruts:   0 Thi: 0.4999990 
 125 Rop: 47.32361688962 Str:   6 MRstruts:   0 Thi: 0.4999991 
 126 Rop: 47.32352649987 Str:   7 MRstruts:   0 Thi: 0.4999991 
 127 Rop: 47.31132945327 Str:   7 MRstruts:   0 Thi: 0.4999991 
 128 Rop: 47.31123464430 Str:   8 MRstruts:   0 Thi: 0.4999991 
 129 Rop: 46.90993550685 Str:   4 MRstruts:   0 Thi: 0.4999598 
 130 Rop: 46.90852730488 Str:   8 MRstruts:   0 Thi: 0.4999598 
 131 Rop: 46.87867777158 Str:  10 MRstruts:   0 Thi: 0.4984991 
 132 Rop: 46.87863897172 Str:   2 MRstruts:   0 Thi: 0.5000000 
 133 Rop: 46.85265868032 Str:   2 MRstruts:   0 Thi: 0.4999989 
 134 Rop: 46.85256063339 Str:   3 MRstruts:   0 Thi: 0.4999989 
 135 Rop: 46.85174739346 Str:   4 MRstruts:   0 Thi: 0.4999989 
 136 Rop: 46.84120615926 Str:   5 MRstruts:   0 Thi: 0.4999987 
 137 Rop: 46.84028523212 Str:   6 MRstruts:   0 Thi: 0.4999987 
 138 Rop: 46.83950405310 Str:   7 MRstruts:   0 Thi: 0.4999987 
 139 Rop: 46.83555311173 Str:   8 MRstruts:   0 Thi: 0.4999983 
 140 Rop: 46.08412151517 Str:   8 MRstruts:   1 Thi: 0.4989285 
 141 Rop: 46.06807168079 Str:   1 MRstruts:   0 Thi: 0.4999995 
 142 Rop: 46.06797282489 Str:   2 MRstruts:   0 Thi: 0.4999995 
 143 Rop: 46.06453851943 Str:   2 MRstruts:   0 Thi: 0.4999995 
 144 Rop: 46.06451760354 Str:   3 MRstruts:   0 Thi: 0.4999995 
 145 Rop: 46.06215672962 Str:   4 MRstruts:   0 Thi: 0.4999993 
 146 Rop: 46.06158748637 Str:   5 MRstruts:   0 Thi: 0.4999993 
 147 Rop: 46.06096399023 Str:   6 MRstruts:   0 Thi: 0.4999993 
 148 Rop: 46.06024324813 Str:   7 MRstruts:   0 Thi: 0.4999993 
 149 Rop: 46.05034324365 Str:   7 MRstruts:   0 Thi: 0.4999991 
 150 Rop: 46.05031084780 Str:   8 MRstruts:   0 Thi: 0.4999991 
 151 Rop: 45.81835755517 Str:   8 MRstruts:   0 Thi: 0.4999895 
 152 Rop: 45.78108015550 Str:   8 MRstruts:   1 Thi: 0.4999893 
 153 Rop: 45.75382200191 Str:   8 MRstruts:   2 Thi: 0.4998848 
 154 Rop: 45.75382431161 Str:   0 MRstruts:   1 Thi: 0.4999999 
 155 Rop: 45.75312684805 Str:   0 MRstruts:   2 Thi: 0.4999999 
 156 Rop: 45.75120604308 Str:   1 MRstruts:   2 Thi: 0.4999997 
 157 Rop: 45.75110208839 Str:   2 MRstruts:   2 Thi: 0.4999997 
 158 Rop: 45.75100702417 Str:   3 MRstruts:   2 Thi: 0.4999997 
 159 Rop: 45.75098238469 Str:   4 MRstruts:   2 Thi: 0.4999997 
 160 Rop: 45.75076978701 Str:   5 MRstruts:   2 Thi: 0.4999997 
 161 Rop: 45.75072356895 Str:   6 MRstruts:   2 Thi: 0.4999997 
 162 Rop: 45.75071295476 Str:   7 MRstruts:   2 Thi: 0.4999997 
 163 Rop: 45.74994210020 Str:   8 MRstruts:   2 Thi: 0.4999996 
 164 Rop: 45.69148664167 Str:   8 MRstruts:   2 Thi: 0.4993964 
 165 Rop: 45.69149902528 Str:   0 MRstruts:   1 Thi: 0.4999997 
 166 Rop: 45.68970559448 Str:   0 MRstruts:   1 Thi: 0.4999997 
 167 Rop: 45.68970443779 Str:   0 MRstruts:   2 Thi: 0.4999996 
 168 Rop: 45.67710309981 Str:   0 MRstruts:   2 Thi: 0.4999997 
 169 Rop: 45.67703741030 Str:   1 MRstruts:   2 Thi: 0.4999997 
 170 Rop: 45.67687516727 Str:   2 MRstruts:   2 Thi: 0.4999997 
 171 Rop: 45.67605223646 Str:   2 MRstruts:   2 Thi: 0.4999997 
 172 Rop: 45.67604707686 Str:   3 MRstruts:   2 Thi: 0.4999997 
 173 Rop: 45.67524617042 Str:   4 MRstruts:   2 Thi: 0.4999997 
 174 Rop: 45.67431018715 Str:   5 MRstruts:   2 Thi: 0.4999997 
 175 Rop: 45.67412954530 Str:   6 MRstruts:   2 Thi: 0.4999997 
 176 Rop: 45.67375957116 Str:   7 MRstruts:   2 Thi: 0.4999997 
 177 Rop: 45.66933555221 Str:   8 MRstruts:   2 Thi: 0.4999990 
 178 Rop: 45.24617082941 Str:   9 MRstruts:   1 Thi: 0.4988869 
 179 Rop: 45.22351754697 Str:   1 MRstruts:   0 Thi: 0.4999994 
 180 Rop: 45.22330727252 Str:   2 MRstruts:   0 Thi: 0.4999994 
 181 Rop: 45.21947831610 Str:   3 MRstruts:   0 Thi: 0.4999988 
 182 Rop: 45.21925482368 Str:   4 MRstruts:   0 Thi: 0.4999988 
 183 Rop: 45.21822176943 Str:   5 MRstruts:   0 Thi: 0.4999987 
 184 Rop: 45.21721716176 Str:   6 MRstruts:   0 Thi: 0.4999987 
 185 Rop: 45.21553559145 Str:   7 MRstruts:   0 Thi: 0.4999987 
 186 Rop: 45.21216948705 Str:   7 MRstruts:   0 Thi: 0.4999987 
 187 Rop: 45.21215733109 Str:   7 MRstruts:   1 Thi: 0.4999987 
 188 Rop: 45.21192494002 Str:   7 MRstruts:   2 Thi: 0.4999987 
 189 Rop: 45.20778175968 Str:   8 MRstruts:   2 Thi: 0.4999985 
 190 Rop: 45.17679959196 Str:   9 MRstruts:   2 Thi: 0.4999837 
 191 Rop: 45.17616499399 Str:   9 MRstruts:   3 Thi: 0.4999837 
 192 Rop: 45.08882551242 Str:   9 MRstruts:   2 Thi: 0.4999252 
 193 Rop: 45.08887279608 Str:   0 MRstruts:   1 Thi: 0.4999994 
 194 Rop: 45.08865486526 Str:   0 MRstruts:   2 Thi: 0.4999994 
 195 Rop: 45.08723698748 Str:   1 MRstruts:   2 Thi: 0.4999994 
 196 Rop: 45.08711317082 Str:   2 MRstruts:   2 Thi: 0.4999994 
 197 Rop: 45.08701909839 Str:   3 MRstruts:   2 Thi: 0.4999994 
 198 Rop: 45.08696545452 Str:   4 MRstruts:   2 Thi: 0.4999994 
 199 Rop: 45.08692262167 Str:   5 MRstruts:   2 Thi: 0.4999994 
 200 Rop: 45.08682084132 Str:   6 MRstruts:   2 Thi: 0.4999994 
 201 Rop: 45.08676288925 Str:   7 MRstruts:   2 Thi: 0.4999994 
 202 Rop: 45.08672504593 Str:   7 MRstruts:   3 Thi: 0.4999994 
 203 Rop: 45.08625217098 Str:   8 MRstruts:   3 Thi: 0.4999994 
 204 Rop: 45.08587992898 Str:   8 MRstruts:   4 Thi: 0.4999994 
 205 Rop: 44.88541258975 Str:   9 MRstruts:   1 Thi: 0.4921781 
 206 Rop: 44.76386362749 Str:   1 MRstruts:   0 Thi: 0.4999801 
 207 Rop: 44.76169755568 Str:   1 MRstruts:   1 Thi: 0.4999801 
 208 Rop: 44.72118880696 Str:   2 MRstruts:   1 Thi: 0.4999780 
 209 Rop: 44.69889532982 Str:   2 MRstruts:   2 Thi: 0.4999752 
 210 Rop: 44.69196211275 Str:   3 MRstruts:   2 Thi: 0.4999753 
 211 Rop: 44.69082400035 Str:   4 MRstruts:   2 Thi: 0.4999753 
 212 Rop: 44.68328179922 Str:   5 MRstruts:   2 Thi: 0.4999746 
 213 Rop: 44.67323108808 Str:   6 MRstruts:   2 Thi: 0.4999746 
 214 Rop: 44.67255137942 Str:   6 MRstruts:   3 Thi: 0.4999746 
 215 Rop: 44.66382399287 Str:   7 MRstruts:   3 Thi: 0.4999746 
 216 Rop: 44.65860422735 Str:   7 MRstruts:   4 Thi: 0.4999746 
 217 Rop: 44.60247701070 Str:   8 MRstruts:   2 Thi: 0.4999693 
 218 Rop: 44.60235687056 Str:   8 MRstruts:   4 Thi: 0.4999693 
 219 Rop: 44.60240332274 Str:   1 MRstruts:   1 Thi: 0.4999994 
 220 Rop: 44.60238676884 Str:   1 MRstruts:   2 Thi: 0.4999994 
 221 Rop: 44.60230347818 Str:   3 MRstruts:   2 Thi: 0.4999994 
 222 Rop: 44.60227142331 Str:   3 MRstruts:   3 Thi: 0.4999994 
 223 Rop: 44.60226096090 Str:   4 MRstruts:   3 Thi: 0.4999994 
 224 Rop: 44.60224047787 Str:   6 MRstruts:   3 Thi: 0.4999994 
 225 Rop: 44.60222286353 Str:   6 MRstruts:   4 Thi: 0.4999994 
 226 Rop: 44.60220814214 Str:   7 MRstruts:   4 Thi: 0.4999994 
 227 Rop: 44.60198853798 Str:   8 MRstruts:   4 Thi: 0.4999994 
 228 Rop: 44.60114736628 Str:   8 MRstruts:   5 Thi: 0.4999994 
 229 Rop: 44.43844526849 Str:   7 MRstruts:   0 Thi: 0.4999775 
 230 Rop: 44.43809415731 Str:   9 MRstruts:   0 Thi: 0.4999775 
 231 Rop: 44.43741370877 Str:   9 MRstruts:   2 Thi: 0.4999775 
 232 Rop: 44.43707566417 Str:   9 MRstruts:   4 Thi: 0.4999775 
 233 Rop: 44.43693398065 Str:   9 MRstruts:   5 Thi: 0.4999775 
 234 Rop: 44.39707869030 Str:   9 MRstruts:   5 Thi: 0.4999772 
 235 Rop: 44.39652995967 Str:   9 MRstruts:   6 Thi: 0.4999772 
 236 Rop: 44.26678725050 Str:   9 MRstruts:   1 Thi: 0.4999742 
 237 Rop: 44.26677842578 Str:   1 MRstruts:   1 Thi: 0.5000000 
 238 Rop: 44.26676522494 Str:   2 MRstruts:   1 Thi: 0.5000000 
 239 Rop: 44.26661601000 Str:   2 MRstruts:   1 Thi: 0.5000000 
 240 Rop: 44.26664803136 Str:   3 MRstruts:   1 Thi: 0.4999995 
 241 Rop: 44.26663144450 Str:   4 MRstruts:   1 Thi: 0.4999995 
 242 Rop: 44.26652267680 Str:   5 MRstruts:   1 Thi: 0.4999995 
 243 Rop: 44.26649493305 Str:   6 MRstruts:   1 Thi: 0.4999995 
 244 Rop: 44.26645934699 Str:   7 MRstruts:   1 Thi: 0.4999995 
 245 Rop: 44.26615108229 Str:   7 MRstruts:   2 Thi: 0.4999995 
 246 Rop: 44.26607049548 Str:   7 MRstruts:   3 Thi: 0.4999995 
 247 Rop: 44.26602857031 Str:   7 MRstruts:   4 Thi: 0.4999995 
 248 Rop: 44.26547409018 Str:   9 MRstruts:   5 Thi: 0.4999889 
 249 Rop: 44.26501025104 Str:   9 MRstruts:   6 Thi: 0.4999889 
 250 Rop: 44.26356764277 Str:   9 MRstruts:   7 Thi: 0.4999889 
ridgerunner: run complete. Terminated because 
ridgerunner: reached maximum number of steps (250).
ridgerunner: Run complete.
