Ridgerunner 2.3.1
Built Sep 13 2026, 00:43:43.
plCurve Version: 10.1.0
Octrope Version: 10.1.0
tsnnls Version: 2.5.1
Seeded from dev/random with seed 715574818.
Loaded 1 component, 400 vertex plCurve from trefoil400.vect.
Saved copy of trefoil400.vect to ./trefoil400.rr/trefoil400.vect.
Curve has thickness 0.99995. Scaling to thickness 0.501.
Scaled curve has thickness 0.501.
 Autoscale selftest ok.
Rerez'd, autoscaled, eq'd file written to ./trefoil400.rr/trefoil400.atstart.vect.
Overstep tolerance: 0.000100 of thickness 0.500000 (0.499950) minminrad: 0.49997500
ridgerunner: Curses screen display disabled, using stdout.
             Define CURSES_DISPLAY to enable better screen display.
ridgerunner: Starting run. Will stop if 
               step number >= 1000 
               residual < 0 
               ropelength decrease over last 20 steps < -1000.

   1 Rop: 32.77337349619 Str:   5 MRstruts:   0 Thi: 0.4999947 
   2 Rop: 32.77304108090 Str:  18 MRstruts:   0 Thi: 0.4999947 
   3 Rop: 32.77270339581 Str:  32 MRstruts:   0 Thi: 0.4999946 
   4 Rop: 32.77239627088 Str:  55 MRstruts:   0 Thi: 0.4999945 
   5 Rop: 32.77183387563 Str:  73 MRstruts:   0 Thi: 0.4999945 
   6 Rop: 32.77065167471 Str:  91 MRstruts:   0 Thi: 0.4999944 
   7 Rop: 32.77043395603 Str: 102 MRstruts:   0 Thi: 0.4999944 
   8 Rop: 32.77022279611 Str: 112 MRstruts:   0 Thi: 0.4999945 
   9 Rop: 32.76998006239 Str: 121 MRstruts:   0 Thi: 0.4999945 
  10 Rop: 32.76967699487 Str: 132 MRstruts:   0 Thi: 0.4999945 
  11 Rop: 32.76931522342 Str: 143 MRstruts:   0 Thi: 0.4999944 
  12 Rop: 32.76908019148 Str: 150 MRstruts:   0 Thi: 0.4999944 
  13 Rop: 32.76872509293 Str: 165 MRstruts:   0 Thi: 0.4999944 
  14 Rop: 32.76850236372 Str: 169 MRstruts:   0 Thi: 0.4999943 
  15 Rop: 32.76827141562 Str: 177 MRstruts:   0 Thi: 0.4999943 
  16 Rop: 32.76794086795 Str: 188 MRstruts:   0 Thi: 0.4999943 
  17 Rop: 32.76772799614 Str: 190 MRstruts:   0 Thi: 0.4999943 
  18 Rop: 32.76740725301 Str: 200 MRstruts:   0 Thi: 0.4999943 
  19 Rop: 32.76717107934 Str: 212 MRstruts:   0 Thi: 0.4999943 
  20 Rop: 32.76685807859 Str: 222 MRstruts:   0 Thi: 0.4999943 
  21 Rop: 32.76661072809 Str: 233 MRstruts:   0 Thi: 0.4999943 
  22 Rop: 32.76637608696 Str: 239 MRstruts:   0 Thi: 0.4999943 
  23 Rop: 32.76601926553 Str: 253 MRstruts:   0 Thi: 0.4999942 
  24 Rop: 32.76572570469 Str: 260 MRstruts:   0 Thi: 0.4999942 
  25 Rop: 32.76554226158 Str: 266 MRstruts:   0 Thi: 0.4999942 
  26 Rop: 32.76486993921 Str: 269 MRstruts:   0 Thi: 0.4999936 
  27 Rop: 32.76405655053 Str: 273 MRstruts:   0 Thi: 0.4999925 
  28 Rop: 32.76289715451 Str: 286 MRstruts:   0 Thi: 0.4999900 
  29 Rop: 32.76175888541 Str: 284 MRstruts:   0 Thi: 0.4999896 
  30 Rop: 32.76132005324 Str: 288 MRstruts:   0 Thi: 0.4999895 
  31 Rop: 32.76091922877 Str: 299 MRstruts:   0 Thi: 0.4999893 
  32 Rop: 32.76019419567 Str: 314 MRstruts:   0 Thi: 0.4999890 
  33 Rop: 32.75939474950 Str: 316 MRstruts:   0 Thi: 0.4999888 
  34 Rop: 32.75827612892 Str: 338 MRstruts:   0 Thi: 0.4999886 
  35 Rop: 32.75772352306 Str: 366 MRstruts:   0 Thi: 0.4999884 
  36 Rop: 32.75687746597 Str: 364 MRstruts:   0 Thi: 0.4999880 
  37 Rop: 32.75631487029 Str: 374 MRstruts:   0 Thi: 0.4999876 
  38 Rop: 32.75572873109 Str: 390 MRstruts:   0 Thi: 0.4999872 
  39 Rop: 32.75526876380 Str: 397 MRstruts:   0 Thi: 0.4999869 
  40 Rop: 32.75489597581 Str: 400 MRstruts:   0 Thi: 0.4999869 
  41 Rop: 32.75431908139 Str: 422 MRstruts:   0 Thi: 0.4999869 
  42 Rop: 32.75378979729 Str: 449 MRstruts:   0 Thi: 0.4999869 
  43 Rop: 32.75338769312 Str: 465 MRstruts:   0 Thi: 0.4999865 
tsnnls: Fell back to pjv solver.
  44 Rop: 32.75290967076 Str: 496 MRstruts:   0 Thi: 0.4999859 
  45 Rop: 32.75261038490 Str: 510 MRstruts:   0 Thi: 0.4999857 
  46 Rop: 32.75235444636 Str: 533 MRstruts:   0 Thi: 0.4999855 
  47 Rop: 32.75216288671 Str: 557 MRstruts:   0 Thi: 0.4999838 
  48 Rop: 32.75205515542 Str: 566 MRstruts:   0 Thi: 0.4999825 
  49 Rop: 32.75188795621 Str: 577 MRstruts:   0 Thi: 0.4999809 
  50 Rop: 32.75131986408 Str: 619 MRstruts:   0 Thi: 0.4999786 
  51 Rop: 32.75126862597 Str: 615 MRstruts:   0 Thi: 0.4999779 
  52 Rop: 32.75111539593 Str: 618 MRstruts:   0 Thi: 0.4999765 
  53 Rop: 32.75105619639 Str: 609 MRstruts:   0 Thi: 0.4999757 
  54 Rop: 32.75067872882 Str: 637 MRstruts:   0 Thi: 0.4999736 
  55 Rop: 32.75063354784 Str: 636 MRstruts:   0 Thi: 0.4999735 
  56 Rop: 32.75061794121 Str: 637 MRstruts:   0 Thi: 0.4999733 
  57 Rop: 32.75060233362 Str: 638 MRstruts:   0 Thi: 0.4999730 
  58 Rop: 32.75057543084 Str: 635 MRstruts:   0 Thi: 0.4999727 
  59 Rop: 32.75045791279 Str: 632 MRstruts:   0 Thi: 0.4999710 
  60 Rop: 32.75042073659 Str: 629 MRstruts:   0 Thi: 0.4999705 
  61 Rop: 32.75041221431 Str: 628 MRstruts:   0 Thi: 0.4999704 
  62 Rop: 32.75039443405 Str: 627 MRstruts:   0 Thi: 0.4999701 
  63 Rop: 32.75015380336 Str: 634 MRstruts:   0 Thi: 0.4999700 
  64 Rop: 32.75014012847 Str: 636 MRstruts:   0 Thi: 0.4999700 
  65 Rop: 32.75013499669 Str: 635 MRstruts:   0 Thi: 0.4999699 
  66 Rop: 32.75013005889 Str: 633 MRstruts:   0 Thi: 0.4999698 
  67 Rop: 32.75012365729 Str: 637 MRstruts:   0 Thi: 0.4999697 
  68 Rop: 32.75009221705 Str: 633 MRstruts:   0 Thi: 0.4999694 
  69 Rop: 32.75008762391 Str: 634 MRstruts:   0 Thi: 0.4999693 
  70 Rop: 32.75008438525 Str: 630 MRstruts:   0 Thi: 0.4999693 
  71 Rop: 32.75008123909 Str: 630 MRstruts:   0 Thi: 0.4999692 
  72 Rop: 32.75007535751 Str: 632 MRstruts:   0 Thi: 0.4999692 
  73 Rop: 32.75006797817 Str: 630 MRstruts:   1 Thi: 0.4999692 
  74 Rop: 32.74986961342 Str:  10 MRstruts:   0 Thi: 0.4999965 
  75 Rop: 32.74974201687 Str:  17 MRstruts:   0 Thi: 0.4999965 
  76 Rop: 32.74961924399 Str:  38 MRstruts:   0 Thi: 0.4999965 
  77 Rop: 32.74945194649 Str:  61 MRstruts:   0 Thi: 0.4999965 
  78 Rop: 32.74932392844 Str: 100 MRstruts:   0 Thi: 0.4999965 
  79 Rop: 32.74921128304 Str: 165 MRstruts:   0 Thi: 0.4999965 
  80 Rop: 32.74913671712 Str: 245 MRstruts:   0 Thi: 0.4999965 
  81 Rop: 32.74906637855 Str: 299 MRstruts:   0 Thi: 0.4999965 
  82 Rop: 32.74902998689 Str: 329 MRstruts:   0 Thi: 0.4999965 
  83 Rop: 32.74897849649 Str: 392 MRstruts:   0 Thi: 0.4999965 
  84 Rop: 32.74895639478 Str: 436 MRstruts:   0 Thi: 0.4999965 
  85 Rop: 32.74893479147 Str: 475 MRstruts:   0 Thi: 0.4999964 
  86 Rop: 32.74893194868 Str: 480 MRstruts:   1 Thi: 0.4999964 
  87 Rop: 32.74892746031 Str: 487 MRstruts:   1 Thi: 0.4999964 
  88 Rop: 32.74892696999 Str: 488 MRstruts:   1 Thi: 0.4999964 
  89 Rop: 32.74892690622 Str: 488 MRstruts:   1 Thi: 0.4999964 
  90 Rop: 32.74892686244 Str: 488 MRstruts:   1 Thi: 0.4999964 
  91 Rop: 32.74892681858 Str: 488 MRstruts:   1 Thi: 0.4999964 
  92 Rop: 32.74892677464 Str: 489 MRstruts:   1 Thi: 0.4999964 
  93 Rop: 32.74892673063 Str: 490 MRstruts:   1 Thi: 0.4999964 
  94 Rop: 32.74892668958 Str: 490 MRstruts:   1 Thi: 0.4999964 
  95 Rop: 32.74892664845 Str: 490 MRstruts:   1 Thi: 0.4999964 
  96 Rop: 32.74892660731 Str: 490 MRstruts:   1 Thi: 0.4999964 
  97 Rop: 32.74892656609 Str: 490 MRstruts:   1 Thi: 0.4999964 
  98 Rop: 32.74892652480 Str: 490 MRstruts:   1 Thi: 0.4999964 
  99 Rop: 32.74892648343 Str: 490 MRstruts:   1 Thi: 0.4999964 
 100 Rop: 32.74892644198 Str: 491 MRstruts:   1 Thi: 0.4999964 
 101 Rop: 32.74892640199 Str: 491 MRstruts:   1 Thi: 0.4999964 
 102 Rop: 32.74892636192 Str: 493 MRstruts:   1 Thi: 0.4999964 
 103 Rop: 32.74892632171 Str: 493 MRstruts:   1 Thi: 0.4999964 
 104 Rop: 32.74892628142 Str: 494 MRstruts:   1 Thi: 0.4999964 
 105 Rop: 32.74892624245 Str: 494 MRstruts:   1 Thi: 0.4999964 
 106 Rop: 32.74892620340 Str: 494 MRstruts:   1 Thi: 0.4999964 
 107 Rop: 32.74892616428 Str: 495 MRstruts:   1 Thi: 0.4999964 
 108 Rop: 32.74892612565 Str: 495 MRstruts:   1 Thi: 0.4999964 
 109 Rop: 32.74892608693 Str: 495 MRstruts:   1 Thi: 0.4999964 
 110 Rop: 32.74892604813 Str: 495 MRstruts:   1 Thi: 0.4999964 
 111 Rop: 32.74892600926 Str: 495 MRstruts:   1 Thi: 0.4999964 
 112 Rop: 32.74892597030 Str: 495 MRstruts:   1 Thi: 0.4999964 
 113 Rop: 32.74892593127 Str: 495 MRstruts:   1 Thi: 0.4999964 
 114 Rop: 32.74892589215 Str: 496 MRstruts:   1 Thi: 0.4999964 
 115 Rop: 32.74892585299 Str: 496 MRstruts:   1 Thi: 0.4999964 
 116 Rop: 32.74892581375 Str: 496 MRstruts:   1 Thi: 0.4999964 
 117 Rop: 32.74892577442 Str: 496 MRstruts:   1 Thi: 0.4999964 
 118 Rop: 32.74892573500 Str: 496 MRstruts:   1 Thi: 0.4999964 
 119 Rop: 32.74892569549 Str: 496 MRstruts:   1 Thi: 0.4999964 
 120 Rop: 32.74892565588 Str: 497 MRstruts:   1 Thi: 0.4999964 
 121 Rop: 32.74892561936 Str: 497 MRstruts:   1 Thi: 0.4999964 
 122 Rop: 32.74892558274 Str: 498 MRstruts:   1 Thi: 0.4999964 
 123 Rop: 32.74892554690 Str: 498 MRstruts:   1 Thi: 0.4999964 
 124 Rop: 32.74892551096 Str: 498 MRstruts:   1 Thi: 0.4999964 
 125 Rop: 32.74892547493 Str: 498 MRstruts:   1 Thi: 0.4999964 
 126 Rop: 32.74892543881 Str: 498 MRstruts:   1 Thi: 0.4999964 
 127 Rop: 32.74892540259 Str: 498 MRstruts:   1 Thi: 0.4999964 
 128 Rop: 32.74892536628 Str: 498 MRstruts:   1 Thi: 0.4999964 
 129 Rop: 32.74892532988 Str: 498 MRstruts:   1 Thi: 0.4999964 
 130 Rop: 32.74892529337 Str: 497 MRstruts:   1 Thi: 0.4999964 
 131 Rop: 32.74892525677 Str: 497 MRstruts:   1 Thi: 0.4999964 
 132 Rop: 32.74892522007 Str: 497 MRstruts:   1 Thi: 0.4999964 
 133 Rop: 32.74892518327 Str: 497 MRstruts:   1 Thi: 0.4999964 
 134 Rop: 32.74892514637 Str: 497 MRstruts:   1 Thi: 0.4999964 
 135 Rop: 32.74892510937 Str: 498 MRstruts:   1 Thi: 0.4999964 
 136 Rop: 32.74892507259 Str: 498 MRstruts:   1 Thi: 0.4999964 
 137 Rop: 32.74892503571 Str: 498 MRstruts:   1 Thi: 0.4999964 
 138 Rop: 32.74892499872 Str: 498 MRstruts:   1 Thi: 0.4999964 
 139 Rop: 32.74892496163 Str: 498 MRstruts:   1 Thi: 0.4999964 
 140 Rop: 32.74892492443 Str: 498 MRstruts:   1 Thi: 0.4999964 
 141 Rop: 32.74892488712 Str: 498 MRstruts:   1 Thi: 0.4999964 
 142 Rop: 32.74892484971 Str: 498 MRstruts:   1 Thi: 0.4999964 
 143 Rop: 32.74892481218 Str: 498 MRstruts:   1 Thi: 0.4999964 
 144 Rop: 32.74892477454 Str: 498 MRstruts:   1 Thi: 0.4999964 
 145 Rop: 32.74892473678 Str: 498 MRstruts:   1 Thi: 0.4999964 
 146 Rop: 32.74892469891 Str: 498 MRstruts:   1 Thi: 0.4999964 
 147 Rop: 32.74892466093 Str: 499 MRstruts:   1 Thi: 0.4999964 
 148 Rop: 32.74892462294 Str: 500 MRstruts:   1 Thi: 0.4999964 
 149 Rop: 32.74892458482 Str: 500 MRstruts:   1 Thi: 0.4999964 
 150 Rop: 32.74892454659 Str: 500 MRstruts:   1 Thi: 0.4999964 
 151 Rop: 32.74892450823 Str: 501 MRstruts:   1 Thi: 0.4999964 
 152 Rop: 32.74892447136 Str: 501 MRstruts:   1 Thi: 0.4999964 
 153 Rop: 32.74892443437 Str: 502 MRstruts:   1 Thi: 0.4999964 
 154 Rop: 32.74892439844 Str: 502 MRstruts:   1 Thi: 0.4999964 
 155 Rop: 32.74892436240 Str: 502 MRstruts:   1 Thi: 0.4999964 
 156 Rop: 32.74892432626 Str: 502 MRstruts:   1 Thi: 0.4999964 
 157 Rop: 32.74892429000 Str: 502 MRstruts:   1 Thi: 0.4999964 
 158 Rop: 32.74892425363 Str: 502 MRstruts:   1 Thi: 0.4999964 
 159 Rop: 32.74892421714 Str: 503 MRstruts:   1 Thi: 0.4999964 
 160 Rop: 32.74892418079 Str: 503 MRstruts:   1 Thi: 0.4999964 
 161 Rop: 32.74892414431 Str: 503 MRstruts:   1 Thi: 0.4999964 
 162 Rop: 32.74892410772 Str: 503 MRstruts:   1 Thi: 0.4999964 
 163 Rop: 32.74892407100 Str: 503 MRstruts:   1 Thi: 0.4999964 
 164 Rop: 32.74892403417 Str: 503 MRstruts:   1 Thi: 0.4999964 
 165 Rop: 32.74892399721 Str: 503 MRstruts:   1 Thi: 0.4999964 
 166 Rop: 32.74892396013 Str: 503 MRstruts:   1 Thi: 0.4999964 
 167 Rop: 32.74892392292 Str: 503 MRstruts:   1 Thi: 0.4999964 
 168 Rop: 32.74892388559 Str: 503 MRstruts:   1 Thi: 0.4999964 
 169 Rop: 32.74892384812 Str: 503 MRstruts:   1 Thi: 0.4999964 
 170 Rop: 32.74892381053 Str: 503 MRstruts:   1 Thi: 0.4999964 
 171 Rop: 32.74892377281 Str: 503 MRstruts:   1 Thi: 0.4999964 
 172 Rop: 32.74892373495 Str: 503 MRstruts:   1 Thi: 0.4999964 
 173 Rop: 32.74892369695 Str: 503 MRstruts:   1 Thi: 0.4999964 
 174 Rop: 32.74892365881 Str: 503 MRstruts:   1 Thi: 0.4999964 
 175 Rop: 32.74892362054 Str: 503 MRstruts:   1 Thi: 0.4999964 
 176 Rop: 32.74892358212 Str: 503 MRstruts:   1 Thi: 0.4999964 
 177 Rop: 32.74892354356 Str: 504 MRstruts:   1 Thi: 0.4999964 
 178 Rop: 32.74892350597 Str: 503 MRstruts:   1 Thi: 0.4999964 
 179 Rop: 32.74892346824 Str: 503 MRstruts:   1 Thi: 0.4999964 
 180 Rop: 32.74892343037 Str: 503 MRstruts:   1 Thi: 0.4999964 
 181 Rop: 32.74892339235 Str: 503 MRstruts:   1 Thi: 0.4999964 
 182 Rop: 32.74892335418 Str: 503 MRstruts:   1 Thi: 0.4999964 
 183 Rop: 32.74892331586 Str: 505 MRstruts:   1 Thi: 0.4999964 
 184 Rop: 32.74892328046 Str: 503 MRstruts:   1 Thi: 0.4999964 
 185 Rop: 32.74892324493 Str: 504 MRstruts:   1 Thi: 0.4999964 
 186 Rop: 32.74892320932 Str: 504 MRstruts:   1 Thi: 0.4999964 
 187 Rop: 32.74892317358 Str: 504 MRstruts:   1 Thi: 0.4999964 
 188 Rop: 32.74892313769 Str: 505 MRstruts:   1 Thi: 0.4999964 
 189 Rop: 32.74892310315 Str: 505 MRstruts:   1 Thi: 0.4999964 
 190 Rop: 32.74892306847 Str: 505 MRstruts:   1 Thi: 0.4999964 
 191 Rop: 32.74892303364 Str: 505 MRstruts:   1 Thi: 0.4999964 
 192 Rop: 32.74892299867 Str: 505 MRstruts:   1 Thi: 0.4999964 
 193 Rop: 32.74892296356 Str: 505 MRstruts:   1 Thi: 0.4999964 
 194 Rop: 32.74892292830 Str: 506 MRstruts:   1 Thi: 0.4999964 
 195 Rop: 32.74892289293 Str: 506 MRstruts:   1 Thi: 0.4999964 
 196 Rop: 32.74892285742 Str: 506 MRstruts:   1 Thi: 0.4999964 
 197 Rop: 32.74892282174 Str: 506 MRstruts:   1 Thi: 0.4999964 
 198 Rop: 32.74892278592 Str: 506 MRstruts:   1 Thi: 0.4999964 
 199 Rop: 32.74892274993 Str: 506 MRstruts:   1 Thi: 0.4999964 
 200 Rop: 32.74892271378 Str: 506 MRstruts:   1 Thi: 0.4999964 
 201 Rop: 32.74892267747 Str: 506 MRstruts:   1 Thi: 0.4999964 
 202 Rop: 32.74892264099 Str: 506 MRstruts:   1 Thi: 0.4999964 
 203 Rop: 32.74892260435 Str: 508 MRstruts:   1 Thi: 0.4999964 
 204 Rop: 32.74892256798 Str: 508 MRstruts:   1 Thi: 0.4999964 
 205 Rop: 32.74892253144 Str: 508 MRstruts:   1 Thi: 0.4999964 
 206 Rop: 32.74892249471 Str: 508 MRstruts:   1 Thi: 0.4999964 
 207 Rop: 32.74892245780 Str: 508 MRstruts:   1 Thi: 0.4999964 
 208 Rop: 32.74892242070 Str: 508 MRstruts:   1 Thi: 0.4999964 
 209 Rop: 32.74892238341 Str: 508 MRstruts:   1 Thi: 0.4999964 
 210 Rop: 32.74892234592 Str: 509 MRstruts:   1 Thi: 0.4999964 
 211 Rop: 32.74892230911 Str: 509 MRstruts:   1 Thi: 0.4999964 
 212 Rop: 32.74892227211 Str: 509 MRstruts:   1 Thi: 0.4999964 
 213 Rop: 32.74892223490 Str: 509 MRstruts:   1 Thi: 0.4999964 
 214 Rop: 32.74892219749 Str: 510 MRstruts:   1 Thi: 0.4999964 
 215 Rop: 32.74892215994 Str: 510 MRstruts:   1 Thi: 0.4999964 
 216 Rop: 32.74892212218 Str: 510 MRstruts:   1 Thi: 0.4999964 
 217 Rop: 32.74892208505 Str: 511 MRstruts:   1 Thi: 0.4999964 
 218 Rop: 32.74892204789 Str: 511 MRstruts:   1 Thi: 0.4999964 
 219 Rop: 32.74892201052 Str: 512 MRstruts:   1 Thi: 0.4999964 
 220 Rop: 32.74892197417 Str: 512 MRstruts:   1 Thi: 0.4999964 
 221 Rop: 32.74892193761 Str: 512 MRstruts:   1 Thi: 0.4999964 
 222 Rop: 32.74892190084 Str: 512 MRstruts:   1 Thi: 0.4999964 
 223 Rop: 32.74892186385 Str: 512 MRstruts:   1 Thi: 0.4999964 
 224 Rop: 32.74892182664 Str: 512 MRstruts:   1 Thi: 0.4999964 
 225 Rop: 32.74892178921 Str: 512 MRstruts:   1 Thi: 0.4999964 
 226 Rop: 32.74892175155 Str: 512 MRstruts:   1 Thi: 0.4999964 
 227 Rop: 32.74892171366 Str: 512 MRstruts:   1 Thi: 0.4999964 
 228 Rop: 32.74892167553 Str: 512 MRstruts:   1 Thi: 0.4999964 
 229 Rop: 32.74892163716 Str: 512 MRstruts:   1 Thi: 0.4999964 
 230 Rop: 32.74892159854 Str: 512 MRstruts:   1 Thi: 0.4999964 
 231 Rop: 32.74892155968 Str: 512 MRstruts:   1 Thi: 0.4999964 
 232 Rop: 32.74892152055 Str: 512 MRstruts:   1 Thi: 0.4999964 
 233 Rop: 32.74892148117 Str: 512 MRstruts:   1 Thi: 0.4999964 
 234 Rop: 32.74892144152 Str: 512 MRstruts:   1 Thi: 0.4999964 
 235 Rop: 32.74892140161 Str: 512 MRstruts:   1 Thi: 0.4999964 
 236 Rop: 32.74892136141 Str: 513 MRstruts:   1 Thi: 0.4999964 
 237 Rop: 32.74892132094 Str: 513 MRstruts:   1 Thi: 0.4999964 
 238 Rop: 32.74892128018 Str: 513 MRstruts:   1 Thi: 0.4999964 
 239 Rop: 32.74892123913 Str: 513 MRstruts:   1 Thi: 0.4999963 
 240 Rop: 32.74892119777 Str: 513 MRstruts:   1 Thi: 0.4999963 
 241 Rop: 32.74892115611 Str: 513 MRstruts:   1 Thi: 0.4999963 
 242 Rop: 32.74892111414 Str: 513 MRstruts:   1 Thi: 0.4999963 
 243 Rop: 32.74892107185 Str: 514 MRstruts:   1 Thi: 0.4999963 
 244 Rop: 32.74892102935 Str: 514 MRstruts:   1 Thi: 0.4999963 
 245 Rop: 32.74892098651 Str: 514 MRstruts:   1 Thi: 0.4999963 
 246 Rop: 32.74892094334 Str: 514 MRstruts:   1 Thi: 0.4999963 
 247 Rop: 32.74892089982 Str: 514 MRstruts:   1 Thi: 0.4999963 
 248 Rop: 32.74892085595 Str: 514 MRstruts:   1 Thi: 0.4999963 
 249 Rop: 32.74892081171 Str: 515 MRstruts:   1 Thi: 0.4999963 
 250 Rop: 32.74892076715 Str: 515 MRstruts:   1 Thi: 0.4999963 
 251 Rop: 32.74892072221 Str: 517 MRstruts:   1 Thi: 0.4999963 
 252 Rop: 32.74892067819 Str: 517 MRstruts:   1 Thi: 0.4999963 
 253 Rop: 32.74892063378 Str: 517 MRstruts:   1 Thi: 0.4999963 
 254 Rop: 32.74892058898 Str: 517 MRstruts:   1 Thi: 0.4999963 
 255 Rop: 32.74892054378 Str: 516 MRstruts:   1 Thi: 0.4999963 
 256 Rop: 32.74892049816 Str: 516 MRstruts:   1 Thi: 0.4999963 
 257 Rop: 32.74892045212 Str: 516 MRstruts:   1 Thi: 0.4999963 
 258 Rop: 32.74892040565 Str: 516 MRstruts:   1 Thi: 0.4999963 
 259 Rop: 32.74892035872 Str: 518 MRstruts:   1 Thi: 0.4999963 
 260 Rop: 32.74892031242 Str: 518 MRstruts:   1 Thi: 0.4999963 
 261 Rop: 32.74892026567 Str: 518 MRstruts:   1 Thi: 0.4999963 
 262 Rop: 32.74892021845 Str: 518 MRstruts:   1 Thi: 0.4999963 
 263 Rop: 32.74892017075 Str: 518 MRstruts:   1 Thi: 0.4999963 
 264 Rop: 32.74892012256 Str: 518 MRstruts:   1 Thi: 0.4999963 
 265 Rop: 32.74892007387 Str: 518 MRstruts:   1 Thi: 0.4999963 
 266 Rop: 32.74892002466 Str: 518 MRstruts:   1 Thi: 0.4999963 
 267 Rop: 32.74891997491 Str: 519 MRstruts:   1 Thi: 0.4999963 
 268 Rop: 32.74891992473 Str: 519 MRstruts:   1 Thi: 0.4999963 
 269 Rop: 32.74891987398 Str: 520 MRstruts:   1 Thi: 0.4999963 
 270 Rop: 32.74891982686 Str: 520 MRstruts:   1 Thi: 0.4999963 
 271 Rop: 32.74891977924 Str: 520 MRstruts:   1 Thi: 0.4999963 
 272 Rop: 32.74891973110 Str: 520 MRstruts:   1 Thi: 0.4999963 
 273 Rop: 32.74891968243 Str: 520 MRstruts:   1 Thi: 0.4999963 
 274 Rop: 32.74891963320 Str: 520 MRstruts:   1 Thi: 0.4999963 
 275 Rop: 32.74891958341 Str: 520 MRstruts:   1 Thi: 0.4999963 
 276 Rop: 32.74891953304 Str: 520 MRstruts:   1 Thi: 0.4999963 
 277 Rop: 32.74891948206 Str: 520 MRstruts:   1 Thi: 0.4999963 
 278 Rop: 32.74891943047 Str: 521 MRstruts:   1 Thi: 0.4999963 
 279 Rop: 32.74891938729 Str: 521 MRstruts:   1 Thi: 0.4999963 
 280 Rop: 32.74891934366 Str: 521 MRstruts:   1 Thi: 0.4999963 
 281 Rop: 32.74891929955 Str: 520 MRstruts:   1 Thi: 0.4999963 
 282 Rop: 32.74891925496 Str: 521 MRstruts:   1 Thi: 0.4999963 
 283 Rop: 32.74891921012 Str: 520 MRstruts:   1 Thi: 0.4999963 
 284 Rop: 32.74891916477 Str: 520 MRstruts:   1 Thi: 0.4999963 
 285 Rop: 32.74891911889 Str: 521 MRstruts:   1 Thi: 0.4999963 
 286 Rop: 32.74891907344 Str: 523 MRstruts:   1 Thi: 0.4999963 
 287 Rop: 32.74891901342 Str: 523 MRstruts:   1 Thi: 0.4999963 
 288 Rop: 32.74891895236 Str: 523 MRstruts:   1 Thi: 0.4999963 
 289 Rop: 32.74891889020 Str: 523 MRstruts:   1 Thi: 0.4999963 
 290 Rop: 32.74891882690 Str: 523 MRstruts:   1 Thi: 0.4999963 
 291 Rop: 32.74891876239 Str: 523 MRstruts:   1 Thi: 0.4999963 
 292 Rop: 32.74891869664 Str: 523 MRstruts:   1 Thi: 0.4999963 
 293 Rop: 32.74891862956 Str: 523 MRstruts:   1 Thi: 0.4999963 
 294 Rop: 32.74891856110 Str: 522 MRstruts:   1 Thi: 0.4999963 
 295 Rop: 32.74891849119 Str: 523 MRstruts:   1 Thi: 0.4999963 
 296 Rop: 32.74891841982 Str: 523 MRstruts:   1 Thi: 0.4999963 
 297 Rop: 32.74891834684 Str: 524 MRstruts:   1 Thi: 0.4999963 
 298 Rop: 32.74891827811 Str: 524 MRstruts:   1 Thi: 0.4999963 
 299 Rop: 32.74891820605 Str: 524 MRstruts:   1 Thi: 0.4999963 
 300 Rop: 32.74891813226 Str: 524 MRstruts:   1 Thi: 0.4999963 
 301 Rop: 32.74891805662 Str: 526 MRstruts:   1 Thi: 0.4999963 
 302 Rop: 32.74891798181 Str: 527 MRstruts:   1 Thi: 0.4999963 
 303 Rop: 32.74891790326 Str: 527 MRstruts:   1 Thi: 0.4999963 
 304 Rop: 32.74891782251 Str: 527 MRstruts:   1 Thi: 0.4999963 
 305 Rop: 32.74891773942 Str: 528 MRstruts:   1 Thi: 0.4999963 
 306 Rop: 32.74891763134 Str: 528 MRstruts:   1 Thi: 0.4999963 
 307 Rop: 32.74891751853 Str: 529 MRstruts:   1 Thi: 0.4999963 
 308 Rop: 32.74891739978 Str: 529 MRstruts:   1 Thi: 0.4999963 
 309 Rop: 32.74891727512 Str: 529 MRstruts:   1 Thi: 0.4999963 
 310 Rop: 32.74891714381 Str: 529 MRstruts:   1 Thi: 0.4999963 
 311 Rop: 32.74891700499 Str: 530 MRstruts:   1 Thi: 0.4999963 
 312 Rop: 32.74891684775 Str: 530 MRstruts:   1 Thi: 0.4999963 
 313 Rop: 32.74891667936 Str: 531 MRstruts:   1 Thi: 0.4999963 
 314 Rop: 32.74891648916 Str: 533 MRstruts:   1 Thi: 0.4999963 
 315 Rop: 32.74891623813 Str: 534 MRstruts:   1 Thi: 0.4999963 
 316 Rop: 32.74891598199 Str: 536 MRstruts:   1 Thi: 0.4999963 
 317 Rop: 32.74891570297 Str: 537 MRstruts:   1 Thi: 0.4999963 
 318 Rop: 32.74891420052 Str: 546 MRstruts:   1 Thi: 0.4999962 
 319 Rop: 32.74890181930 Str: 565 MRstruts:   1 Thi: 0.4999962 
 320 Rop: 32.74890175619 Str: 566 MRstruts:   1 Thi: 0.4999962 
 321 Rop: 32.74890169121 Str: 567 MRstruts:   1 Thi: 0.4999962 
 322 Rop: 32.74890162334 Str: 567 MRstruts:   1 Thi: 0.4999962 
 323 Rop: 32.74890158226 Str: 566 MRstruts:   2 Thi: 0.4999962 
 324 Rop: 32.74890151028 Str: 567 MRstruts:   2 Thi: 0.4999962 
 325 Rop: 32.74890143565 Str: 567 MRstruts:   2 Thi: 0.4999962 
 326 Rop: 32.74890135688 Str: 565 MRstruts:   2 Thi: 0.4999962 
 327 Rop: 32.74890127341 Str: 565 MRstruts:   2 Thi: 0.4999962 
 328 Rop: 32.74890118455 Str: 564 MRstruts:   2 Thi: 0.4999962 
 329 Rop: 32.74890108945 Str: 562 MRstruts:   2 Thi: 0.4999962 
 330 Rop: 32.74890098644 Str: 563 MRstruts:   2 Thi: 0.4999962 
 331 Rop: 32.74890087334 Str: 563 MRstruts:   2 Thi: 0.4999962 
 332 Rop: 32.74890074748 Str: 563 MRstruts:   2 Thi: 0.4999962 
 333 Rop: 32.74890060500 Str: 563 MRstruts:   2 Thi: 0.4999962 
 334 Rop: 32.74890043986 Str: 564 MRstruts:   2 Thi: 0.4999962 
 335 Rop: 32.74890023925 Str: 564 MRstruts:   2 Thi: 0.4999962 
 336 Rop: 32.74889882283 Str: 564 MRstruts:   2 Thi: 0.4999962 
 337 Rop: 32.74889856428 Str: 564 MRstruts:   2 Thi: 0.4999962 
 338 Rop: 32.74889821142 Str: 566 MRstruts:   2 Thi: 0.4999962 
 339 Rop: 32.74889783973 Str: 566 MRstruts:   2 Thi: 0.4999962 
 340 Rop: 32.74889707978 Str: 566 MRstruts:   2 Thi: 0.4999961 
 341 Rop: 32.74886229994 Str: 570 MRstruts:   2 Thi: 0.4999964 
 342 Rop: 32.74886220851 Str: 570 MRstruts:   3 Thi: 0.4999964 
 343 Rop: 32.74886022207 Str: 571 MRstruts:   3 Thi: 0.4999964 
 344 Rop: 32.74885990100 Str: 571 MRstruts:   3 Thi: 0.4999964 
 345 Rop: 32.74885932606 Str: 571 MRstruts:   3 Thi: 0.4999964 
 346 Rop: 32.74884529393 Str: 578 MRstruts:   1 Thi: 0.4999962 
 347 Rop: 32.74884529032 Str: 578 MRstruts:   2 Thi: 0.4999962 
 348 Rop: 32.74884528735 Str: 578 MRstruts:   3 Thi: 0.4999962 
 349 Rop: 32.74884476535 Str: 575 MRstruts:   3 Thi: 0.4999962 
 350 Rop: 32.74884386792 Str: 576 MRstruts:   3 Thi: 0.4999962 
 351 Rop: 32.74883988494 Str: 576 MRstruts:   3 Thi: 0.4999962 
 352 Rop: 32.74883982985 Str: 576 MRstruts:   4 Thi: 0.4999962 
 353 Rop: 32.74883122011 Str: 578 MRstruts:   0 Thi: 0.4999961 
 354 Rop: 32.74883121706 Str: 578 MRstruts:   2 Thi: 0.4999961 
 355 Rop: 32.74883121401 Str: 578 MRstruts:   3 Thi: 0.4999961 
 356 Rop: 32.74883120837 Str: 578 MRstruts:   4 Thi: 0.4999961 
 357 Rop: 32.74883109819 Str: 578 MRstruts:   4 Thi: 0.4999961 
 358 Rop: 32.74883102272 Str: 578 MRstruts:   4 Thi: 0.4999961 
 359 Rop: 32.74883093263 Str: 578 MRstruts:   4 Thi: 0.4999961 
 360 Rop: 32.74883081787 Str: 577 MRstruts:   4 Thi: 0.4999961 
 361 Rop: 32.74883064933 Str: 577 MRstruts:   4 Thi: 0.4999961 
 362 Rop: 32.74883021520 Str: 577 MRstruts:   4 Thi: 0.4999961 
 363 Rop: 32.74881639268 Str: 581 MRstruts:   0 Thi: 0.4999960 
 364 Rop: 32.74881638186 Str: 581 MRstruts:   1 Thi: 0.4999960 
 365 Rop: 32.74881638028 Str: 581 MRstruts:   2 Thi: 0.4999960 
 366 Rop: 32.74881637633 Str: 581 MRstruts:   3 Thi: 0.4999960 
 367 Rop: 32.74881637411 Str: 581 MRstruts:   4 Thi: 0.4999960 
 368 Rop: 32.74881600780 Str: 581 MRstruts:   3 Thi: 0.4999960 
 369 Rop: 32.74881596483 Str: 581 MRstruts:   3 Thi: 0.4999960 
 370 Rop: 32.74881595670 Str: 581 MRstruts:   3 Thi: 0.4999960 
 371 Rop: 32.74881594936 Str: 581 MRstruts:   3 Thi: 0.4999960 
 372 Rop: 32.74881594201 Str: 581 MRstruts:   3 Thi: 0.4999960 
 373 Rop: 32.74881593465 Str: 581 MRstruts:   3 Thi: 0.4999960 
 374 Rop: 32.74881592728 Str: 581 MRstruts:   3 Thi: 0.4999960 
 375 Rop: 32.74881591989 Str: 581 MRstruts:   3 Thi: 0.4999960 
 376 Rop: 32.74881591249 Str: 581 MRstruts:   3 Thi: 0.4999960 
 377 Rop: 32.74881590508 Str: 581 MRstruts:   3 Thi: 0.4999960 
 378 Rop: 32.74881589765 Str: 581 MRstruts:   3 Thi: 0.4999960 
 379 Rop: 32.74881589021 Str: 581 MRstruts:   3 Thi: 0.4999960 
 380 Rop: 32.74881588275 Str: 581 MRstruts:   3 Thi: 0.4999960 
 381 Rop: 32.74881587527 Str: 581 MRstruts:   3 Thi: 0.4999960 
 382 Rop: 32.74881586778 Str: 581 MRstruts:   3 Thi: 0.4999960 
 383 Rop: 32.74881586027 Str: 581 MRstruts:   3 Thi: 0.4999960 
 384 Rop: 32.74881585274 Str: 581 MRstruts:   3 Thi: 0.4999960 
 385 Rop: 32.74881584519 Str: 581 MRstruts:   3 Thi: 0.4999960 
 386 Rop: 32.74881583761 Str: 581 MRstruts:   4 Thi: 0.4999960 
 387 Rop: 32.74881583013 Str: 581 MRstruts:   4 Thi: 0.4999960 
 388 Rop: 32.74881582264 Str: 581 MRstruts:   4 Thi: 0.4999960 
 389 Rop: 32.74881581512 Str: 581 MRstruts:   4 Thi: 0.4999960 
 390 Rop: 32.74881580758 Str: 581 MRstruts:   4 Thi: 0.4999960 
 391 Rop: 32.74881580002 Str: 581 MRstruts:   4 Thi: 0.4999960 
 392 Rop: 32.74881579243 Str: 581 MRstruts:   4 Thi: 0.4999960 
 393 Rop: 32.74881578483 Str: 581 MRstruts:   4 Thi: 0.4999960 
 394 Rop: 32.74881577720 Str: 580 MRstruts:   4 Thi: 0.4999960 
 395 Rop: 32.74881576954 Str: 579 MRstruts:   4 Thi: 0.4999960 
 396 Rop: 32.74881576186 Str: 579 MRstruts:   4 Thi: 0.4999960 
 397 Rop: 32.74881575415 Str: 578 MRstruts:   4 Thi: 0.4999960 
 398 Rop: 32.74881574642 Str: 578 MRstruts:   4 Thi: 0.4999960 
 399 Rop: 32.74881573866 Str: 578 MRstruts:   4 Thi: 0.4999960 
 400 Rop: 32.74881573086 Str: 578 MRstruts:   4 Thi: 0.4999960 
 401 Rop: 32.74881572304 Str: 578 MRstruts:   4 Thi: 0.4999960 
 402 Rop: 32.74881571518 Str: 578 MRstruts:   4 Thi: 0.4999960 
 403 Rop: 32.74881570730 Str: 578 MRstruts:   4 Thi: 0.4999960 
 404 Rop: 32.74881569938 Str: 578 MRstruts:   4 Thi: 0.4999960 
 405 Rop: 32.74881569143 Str: 578 MRstruts:   4 Thi: 0.4999960 
 406 Rop: 32.74881568345 Str: 578 MRstruts:   4 Thi: 0.4999960 
 407 Rop: 32.74881567545 Str: 578 MRstruts:   4 Thi: 0.4999960 
 408 Rop: 32.74881566741 Str: 578 MRstruts:   4 Thi: 0.4999960 
 409 Rop: 32.74881565934 Str: 578 MRstruts:   4 Thi: 0.4999960 
 410 Rop: 32.74881565124 Str: 578 MRstruts:   4 Thi: 0.4999960 
 411 Rop: 32.74881564311 Str: 578 MRstruts:   4 Thi: 0.4999960 
 412 Rop: 32.74881563494 Str: 578 MRstruts:   4 Thi: 0.4999960 
 413 Rop: 32.74881562673 Str: 578 MRstruts:   4 Thi: 0.4999960 
 414 Rop: 32.74881561848 Str: 578 MRstruts:   4 Thi: 0.4999960 
 415 Rop: 32.74881561018 Str: 578 MRstruts:   4 Thi: 0.4999960 
 416 Rop: 32.74881560185 Str: 578 MRstruts:   4 Thi: 0.4999960 
 417 Rop: 32.74881559347 Str: 578 MRstruts:   4 Thi: 0.4999960 
 418 Rop: 32.74881558504 Str: 578 MRstruts:   4 Thi: 0.4999960 
 419 Rop: 32.74881557656 Str: 578 MRstruts:   4 Thi: 0.4999960 
 420 Rop: 32.74881556804 Str: 578 MRstruts:   4 Thi: 0.4999960 
 421 Rop: 32.74881555946 Str: 578 MRstruts:   4 Thi: 0.4999960 
 422 Rop: 32.74881555082 Str: 578 MRstruts:   4 Thi: 0.4999960 
 423 Rop: 32.74881554213 Str: 578 MRstruts:   4 Thi: 0.4999960 
 424 Rop: 32.74881553338 Str: 578 MRstruts:   4 Thi: 0.4999960 
 425 Rop: 32.74881552457 Str: 578 MRstruts:   4 Thi: 0.4999960 
 426 Rop: 32.74881551570 Str: 578 MRstruts:   4 Thi: 0.4999960 
 427 Rop: 32.74881550676 Str: 578 MRstruts:   4 Thi: 0.4999960 
 428 Rop: 32.74881549775 Str: 578 MRstruts:   4 Thi: 0.4999960 
 429 Rop: 32.74881548867 Str: 578 MRstruts:   4 Thi: 0.4999960 
 430 Rop: 32.74881547951 Str: 578 MRstruts:   4 Thi: 0.4999960 
 431 Rop: 32.74881547027 Str: 578 MRstruts:   4 Thi: 0.4999960 
 432 Rop: 32.74881546094 Str: 578 MRstruts:   4 Thi: 0.4999960 
 433 Rop: 32.74881545152 Str: 578 MRstruts:   4 Thi: 0.4999960 
 434 Rop: 32.74881544201 Str: 578 MRstruts:   4 Thi: 0.4999960 
 435 Rop: 32.74881543239 Str: 578 MRstruts:   4 Thi: 0.4999960 
 436 Rop: 32.74881542267 Str: 577 MRstruts:   4 Thi: 0.4999960 
 437 Rop: 32.74881541284 Str: 577 MRstruts:   4 Thi: 0.4999960 
 438 Rop: 32.74881540289 Str: 577 MRstruts:   4 Thi: 0.4999960 
 439 Rop: 32.74881539281 Str: 577 MRstruts:   4 Thi: 0.4999960 
 440 Rop: 32.74881538260 Str: 577 MRstruts:   4 Thi: 0.4999960 
 441 Rop: 32.74881537225 Str: 577 MRstruts:   4 Thi: 0.4999960 
 442 Rop: 32.74881536175 Str: 577 MRstruts:   4 Thi: 0.4999960 
 443 Rop: 32.74881535109 Str: 577 MRstruts:   4 Thi: 0.4999960 
 444 Rop: 32.74881534025 Str: 577 MRstruts:   4 Thi: 0.4999960 
 445 Rop: 32.74881532923 Str: 577 MRstruts:   4 Thi: 0.4999960 
 446 Rop: 32.74881531802 Str: 577 MRstruts:   4 Thi: 0.4999960 
 447 Rop: 32.74881530660 Str: 577 MRstruts:   4 Thi: 0.4999960 
 448 Rop: 32.74881529496 Str: 576 MRstruts:   4 Thi: 0.4999960 
 449 Rop: 32.74881528306 Str: 576 MRstruts:   4 Thi: 0.4999960 
 450 Rop: 32.74881527089 Str: 576 MRstruts:   4 Thi: 0.4999960 
 451 Rop: 32.74881525844 Str: 576 MRstruts:   4 Thi: 0.4999960 
 452 Rop: 32.74881524568 Str: 576 MRstruts:   4 Thi: 0.4999960 
 453 Rop: 32.74881523256 Str: 575 MRstruts:   4 Thi: 0.4999960 
 454 Rop: 32.74881521907 Str: 575 MRstruts:   4 Thi: 0.4999960 
 455 Rop: 32.74881520514 Str: 575 MRstruts:   4 Thi: 0.4999960 
 456 Rop: 32.74881519075 Str: 574 MRstruts:   4 Thi: 0.4999960 
 457 Rop: 32.74881517582 Str: 575 MRstruts:   4 Thi: 0.4999960 
 458 Rop: 32.74881516268 Str: 575 MRstruts:   4 Thi: 0.4999960 
 459 Rop: 32.74881514900 Str: 576 MRstruts:   4 Thi: 0.4999960 
 460 Rop: 32.74881513435 Str: 576 MRstruts:   4 Thi: 0.4999960 
 461 Rop: 32.74881511895 Str: 576 MRstruts:   4 Thi: 0.4999960 
 462 Rop: 32.74881510267 Str: 576 MRstruts:   4 Thi: 0.4999960 
 463 Rop: 32.74881508534 Str: 576 MRstruts:   4 Thi: 0.4999960 
 464 Rop: 32.74881506672 Str: 576 MRstruts:   4 Thi: 0.4999960 
 465 Rop: 32.74881504651 Str: 576 MRstruts:   4 Thi: 0.4999960 
 466 Rop: 32.74881502425 Str: 576 MRstruts:   4 Thi: 0.4999960 
 467 Rop: 32.74881499918 Str: 576 MRstruts:   4 Thi: 0.4999960 
 468 Rop: 32.74881497004 Str: 576 MRstruts:   4 Thi: 0.4999960 
 469 Rop: 32.74881493420 Str: 575 MRstruts:   4 Thi: 0.4999960 
 470 Rop: 32.74881488461 Str: 576 MRstruts:   4 Thi: 0.4999960 
 471 Rop: 32.74881478192 Str: 575 MRstruts:   4 Thi: 0.4999960 
 472 Rop: 32.74881077543 Str: 579 MRstruts:   4 Thi: 0.4999960 
 473 Rop: 32.74880772567 Str: 580 MRstruts:   1 Thi: 0.4999960 
 474 Rop: 32.74880772388 Str: 580 MRstruts:   4 Thi: 0.4999960 
 475 Rop: 32.74880739817 Str: 579 MRstruts:   4 Thi: 0.4999960 
 476 Rop: 32.74880736687 Str: 579 MRstruts:   4 Thi: 0.4999960 
 477 Rop: 32.74880735887 Str: 579 MRstruts:   4 Thi: 0.4999960 
 478 Rop: 32.74880735101 Str: 579 MRstruts:   4 Thi: 0.4999960 
 479 Rop: 32.74880734319 Str: 579 MRstruts:   4 Thi: 0.4999960 
 480 Rop: 32.74880733541 Str: 579 MRstruts:   4 Thi: 0.4999960 
 481 Rop: 32.74880732768 Str: 579 MRstruts:   4 Thi: 0.4999960 
 482 Rop: 32.74880731999 Str: 579 MRstruts:   4 Thi: 0.4999960 
 483 Rop: 32.74880731234 Str: 579 MRstruts:   4 Thi: 0.4999960 
 484 Rop: 32.74880730473 Str: 579 MRstruts:   4 Thi: 0.4999960 
 485 Rop: 32.74880729716 Str: 579 MRstruts:   4 Thi: 0.4999960 
 486 Rop: 32.74880728964 Str: 579 MRstruts:   4 Thi: 0.4999960 
 487 Rop: 32.74880728215 Str: 579 MRstruts:   4 Thi: 0.4999960 
 488 Rop: 32.74880727470 Str: 578 MRstruts:   4 Thi: 0.4999960 
 489 Rop: 32.74880726728 Str: 578 MRstruts:   4 Thi: 0.4999960 
 490 Rop: 32.74880725990 Str: 578 MRstruts:   4 Thi: 0.4999960 
 491 Rop: 32.74880725256 Str: 578 MRstruts:   4 Thi: 0.4999960 
 492 Rop: 32.74880724524 Str: 578 MRstruts:   4 Thi: 0.4999960 
 493 Rop: 32.74880723797 Str: 578 MRstruts:   4 Thi: 0.4999960 
 494 Rop: 32.74880723073 Str: 578 MRstruts:   4 Thi: 0.4999960 
 495 Rop: 32.74880722351 Str: 579 MRstruts:   4 Thi: 0.4999960 
 496 Rop: 32.74880721621 Str: 579 MRstruts:   4 Thi: 0.4999960 
 497 Rop: 32.74880720893 Str: 579 MRstruts:   4 Thi: 0.4999960 
 498 Rop: 32.74880720168 Str: 579 MRstruts:   4 Thi: 0.4999960 
 499 Rop: 32.74880719447 Str: 579 MRstruts:   4 Thi: 0.4999960 
 500 Rop: 32.74880718728 Str: 578 MRstruts:   4 Thi: 0.4999960 
 501 Rop: 32.74880718012 Str: 579 MRstruts:   4 Thi: 0.4999960 
 502 Rop: 32.74880717477 Str: 579 MRstruts:   4 Thi: 0.4999960 
 503 Rop: 32.74880716943 Str: 579 MRstruts:   4 Thi: 0.4999960 
 504 Rop: 32.74880716412 Str: 579 MRstruts:   4 Thi: 0.4999960 
 505 Rop: 32.74880715882 Str: 579 MRstruts:   4 Thi: 0.4999960 
 506 Rop: 32.74880715353 Str: 579 MRstruts:   4 Thi: 0.4999960 
 507 Rop: 32.74880714826 Str: 579 MRstruts:   4 Thi: 0.4999960 
 508 Rop: 32.74880714301 Str: 579 MRstruts:   4 Thi: 0.4999960 
 509 Rop: 32.74880713777 Str: 579 MRstruts:   4 Thi: 0.4999960 
 510 Rop: 32.74880713254 Str: 579 MRstruts:   4 Thi: 0.4999960 
 511 Rop: 32.74880712732 Str: 579 MRstruts:   4 Thi: 0.4999960 
 512 Rop: 32.74880712212 Str: 579 MRstruts:   4 Thi: 0.4999960 
 513 Rop: 32.74880711693 Str: 579 MRstruts:   4 Thi: 0.4999960 
 514 Rop: 32.74880711175 Str: 579 MRstruts:   4 Thi: 0.4999960 
 515 Rop: 32.74880710658 Str: 579 MRstruts:   4 Thi: 0.4999960 
 516 Rop: 32.74880710142 Str: 579 MRstruts:   4 Thi: 0.4999960 
 517 Rop: 32.74880709626 Str: 579 MRstruts:   4 Thi: 0.4999960 
 518 Rop: 32.74880709112 Str: 580 MRstruts:   4 Thi: 0.4999960 
 519 Rop: 32.74880708599 Str: 580 MRstruts:   4 Thi: 0.4999960 
 520 Rop: 32.74880708087 Str: 580 MRstruts:   4 Thi: 0.4999960 
 521 Rop: 32.74880707575 Str: 580 MRstruts:   4 Thi: 0.4999960 
 522 Rop: 32.74880707064 Str: 580 MRstruts:   4 Thi: 0.4999960 
 523 Rop: 32.74880706553 Str: 580 MRstruts:   4 Thi: 0.4999960 
 524 Rop: 32.74880706043 Str: 580 MRstruts:   4 Thi: 0.4999960 
 525 Rop: 32.74880705533 Str: 580 MRstruts:   4 Thi: 0.4999960 
 526 Rop: 32.74880705024 Str: 579 MRstruts:   4 Thi: 0.4999960 
 527 Rop: 32.74880704514 Str: 579 MRstruts:   4 Thi: 0.4999960 
 528 Rop: 32.74880704005 Str: 579 MRstruts:   4 Thi: 0.4999960 
 529 Rop: 32.74880703496 Str: 579 MRstruts:   4 Thi: 0.4999960 
 530 Rop: 32.74880702987 Str: 579 MRstruts:   4 Thi: 0.4999960 
 531 Rop: 32.74880702477 Str: 579 MRstruts:   4 Thi: 0.4999960 
 532 Rop: 32.74880701968 Str: 579 MRstruts:   4 Thi: 0.4999960 
 533 Rop: 32.74880701458 Str: 579 MRstruts:   4 Thi: 0.4999960 
 534 Rop: 32.74880700947 Str: 579 MRstruts:   4 Thi: 0.4999960 
 535 Rop: 32.74880700436 Str: 579 MRstruts:   4 Thi: 0.4999960 
 536 Rop: 32.74880699925 Str: 579 MRstruts:   4 Thi: 0.4999960 
 537 Rop: 32.74880699413 Str: 579 MRstruts:   4 Thi: 0.4999960 
 538 Rop: 32.74880698900 Str: 579 MRstruts:   4 Thi: 0.4999960 
 539 Rop: 32.74880698385 Str: 579 MRstruts:   4 Thi: 0.4999960 
 540 Rop: 32.74880697870 Str: 579 MRstruts:   4 Thi: 0.4999960 
 541 Rop: 32.74880697353 Str: 579 MRstruts:   4 Thi: 0.4999960 
 542 Rop: 32.74880696835 Str: 579 MRstruts:   4 Thi: 0.4999960 
 543 Rop: 32.74880696316 Str: 579 MRstruts:   4 Thi: 0.4999960 
 544 Rop: 32.74880695795 Str: 579 MRstruts:   4 Thi: 0.4999960 
 545 Rop: 32.74880695271 Str: 579 MRstruts:   4 Thi: 0.4999960 
 546 Rop: 32.74880694746 Str: 579 MRstruts:   4 Thi: 0.4999960 
 547 Rop: 32.74880694219 Str: 579 MRstruts:   4 Thi: 0.4999960 
 548 Rop: 32.74880693690 Str: 579 MRstruts:   4 Thi: 0.4999960 
 549 Rop: 32.74880693157 Str: 579 MRstruts:   4 Thi: 0.4999960 
 550 Rop: 32.74880692622 Str: 579 MRstruts:   4 Thi: 0.4999960 
 551 Rop: 32.74880692085 Str: 579 MRstruts:   4 Thi: 0.4999960 
 552 Rop: 32.74880691543 Str: 579 MRstruts:   4 Thi: 0.4999960 
 553 Rop: 32.74880690998 Str: 579 MRstruts:   4 Thi: 0.4999960 
 554 Rop: 32.74880690450 Str: 579 MRstruts:   4 Thi: 0.4999960 
 555 Rop: 32.74880689896 Str: 579 MRstruts:   4 Thi: 0.4999960 
 556 Rop: 32.74880689339 Str: 579 MRstruts:   4 Thi: 0.4999960 
 557 Rop: 32.74880688777 Str: 579 MRstruts:   4 Thi: 0.4999960 
 558 Rop: 32.74880688210 Str: 579 MRstruts:   4 Thi: 0.4999960 
 559 Rop: 32.74880687637 Str: 579 MRstruts:   4 Thi: 0.4999960 
 560 Rop: 32.74880687058 Str: 579 MRstruts:   4 Thi: 0.4999960 
 561 Rop: 32.74880686472 Str: 579 MRstruts:   4 Thi: 0.4999960 
 562 Rop: 32.74880685880 Str: 579 MRstruts:   4 Thi: 0.4999960 
 563 Rop: 32.74880685280 Str: 579 MRstruts:   4 Thi: 0.4999960 
 564 Rop: 32.74880684672 Str: 579 MRstruts:   4 Thi: 0.4999960 
 565 Rop: 32.74880684055 Str: 579 MRstruts:   4 Thi: 0.4999960 
 566 Rop: 32.74880683429 Str: 579 MRstruts:   4 Thi: 0.4999960 
 567 Rop: 32.74880682791 Str: 579 MRstruts:   4 Thi: 0.4999960 
 568 Rop: 32.74880682143 Str: 579 MRstruts:   4 Thi: 0.4999960 
 569 Rop: 32.74880681481 Str: 579 MRstruts:   4 Thi: 0.4999960 
 570 Rop: 32.74880680806 Str: 579 MRstruts:   4 Thi: 0.4999960 
 571 Rop: 32.74880680115 Str: 579 MRstruts:   4 Thi: 0.4999960 
 572 Rop: 32.74880679407 Str: 579 MRstruts:   4 Thi: 0.4999960 
 573 Rop: 32.74880678680 Str: 579 MRstruts:   4 Thi: 0.4999960 
 574 Rop: 32.74880677932 Str: 579 MRstruts:   4 Thi: 0.4999960 
 575 Rop: 32.74880677160 Str: 579 MRstruts:   4 Thi: 0.4999960 
 576 Rop: 32.74880676362 Str: 579 MRstruts:   4 Thi: 0.4999960 
 577 Rop: 32.74880675532 Str: 579 MRstruts:   4 Thi: 0.4999960 
 578 Rop: 32.74880674667 Str: 579 MRstruts:   4 Thi: 0.4999960 
 579 Rop: 32.74880673760 Str: 579 MRstruts:   4 Thi: 0.4999960 
 580 Rop: 32.74880672802 Str: 579 MRstruts:   4 Thi: 0.4999960 
 581 Rop: 32.74880671784 Str: 580 MRstruts:   4 Thi: 0.4999960 
 582 Rop: 32.74880572713 Str: 579 MRstruts:   4 Thi: 0.4999960 
 583 Rop: 32.74880571932 Str: 579 MRstruts:   5 Thi: 0.4999960 
 584 Rop: 32.74880540699 Str: 580 MRstruts:   5 Thi: 0.4999960 
 585 Rop: 32.74880537368 Str: 580 MRstruts:   5 Thi: 0.4999960 
 586 Rop: 32.74880533590 Str: 580 MRstruts:   5 Thi: 0.4999960 
 587 Rop: 32.74880529298 Str: 579 MRstruts:   5 Thi: 0.4999960 
 588 Rop: 32.74880524423 Str: 579 MRstruts:   5 Thi: 0.4999960 
 589 Rop: 32.74880518902 Str: 579 MRstruts:   5 Thi: 0.4999960 
 590 Rop: 32.74880512689 Str: 579 MRstruts:   5 Thi: 0.4999960 
 591 Rop: 32.74880505733 Str: 579 MRstruts:   5 Thi: 0.4999960 
 592 Rop: 32.74880498005 Str: 579 MRstruts:   5 Thi: 0.4999960 
 593 Rop: 32.74880489480 Str: 579 MRstruts:   5 Thi: 0.4999960 
 594 Rop: 32.74880480100 Str: 579 MRstruts:   5 Thi: 0.4999960 
 595 Rop: 32.74880469770 Str: 579 MRstruts:   5 Thi: 0.4999960 
 596 Rop: 32.74880458344 Str: 579 MRstruts:   5 Thi: 0.4999960 
 597 Rop: 32.74880445592 Str: 579 MRstruts:   5 Thi: 0.4999960 
 598 Rop: 32.74880431191 Str: 579 MRstruts:   5 Thi: 0.4999960 
 599 Rop: 32.74880414618 Str: 579 MRstruts:   4 Thi: 0.4999960 
 600 Rop: 32.74880414579 Str: 579 MRstruts:   5 Thi: 0.4999960 
 601 Rop: 32.74880394972 Str: 579 MRstruts:   5 Thi: 0.4999960 
 602 Rop: 32.74880371887 Str: 579 MRstruts:   5 Thi: 0.4999960 
 603 Rop: 32.74880337996 Str: 579 MRstruts:   5 Thi: 0.4999960 
 604 Rop: 32.74880299608 Str: 579 MRstruts:   5 Thi: 0.4999960 
 605 Rop: 32.74879871207 Str: 581 MRstruts:   2 Thi: 0.4999960 
 606 Rop: 32.74879811258 Str: 581 MRstruts:   5 Thi: 0.4999960 
 607 Rop: 32.74879809363 Str: 580 MRstruts:   6 Thi: 0.4999960 
 608 Rop: 32.74879794740 Str: 580 MRstruts:   6 Thi: 0.4999960 
 609 Rop: 32.74879793809 Str: 580 MRstruts:   6 Thi: 0.4999960 
 610 Rop: 32.74879792879 Str: 580 MRstruts:   6 Thi: 0.4999960 
 611 Rop: 32.74879791948 Str: 580 MRstruts:   6 Thi: 0.4999960 
 612 Rop: 32.74879791017 Str: 580 MRstruts:   6 Thi: 0.4999960 
 613 Rop: 32.74879790084 Str: 580 MRstruts:   6 Thi: 0.4999960 
 614 Rop: 32.74879789152 Str: 580 MRstruts:   6 Thi: 0.4999960 
 615 Rop: 32.74879788218 Str: 581 MRstruts:   6 Thi: 0.4999960 
 616 Rop: 32.74879787300 Str: 581 MRstruts:   6 Thi: 0.4999960 
 617 Rop: 32.74879786380 Str: 581 MRstruts:   6 Thi: 0.4999960 
 618 Rop: 32.74879785460 Str: 581 MRstruts:   6 Thi: 0.4999960 
 619 Rop: 32.74879784538 Str: 581 MRstruts:   6 Thi: 0.4999960 
 620 Rop: 32.74879783615 Str: 581 MRstruts:   6 Thi: 0.4999960 
 621 Rop: 32.74879782690 Str: 581 MRstruts:   6 Thi: 0.4999960 
 622 Rop: 32.74879781764 Str: 581 MRstruts:   6 Thi: 0.4999960 
 623 Rop: 32.74879780836 Str: 581 MRstruts:   6 Thi: 0.4999960 
 624 Rop: 32.74879779906 Str: 581 MRstruts:   6 Thi: 0.4999960 
 625 Rop: 32.74879778974 Str: 581 MRstruts:   6 Thi: 0.4999960 
 626 Rop: 32.74879778039 Str: 581 MRstruts:   6 Thi: 0.4999960 
 627 Rop: 32.74879777103 Str: 581 MRstruts:   6 Thi: 0.4999960 
 628 Rop: 32.74879776164 Str: 581 MRstruts:   6 Thi: 0.4999960 
 629 Rop: 32.74879775223 Str: 581 MRstruts:   6 Thi: 0.4999960 
 630 Rop: 32.74879774280 Str: 581 MRstruts:   6 Thi: 0.4999960 
 631 Rop: 32.74879773335 Str: 581 MRstruts:   6 Thi: 0.4999960 
 632 Rop: 32.74879772387 Str: 581 MRstruts:   6 Thi: 0.4999960 
 633 Rop: 32.74879771437 Str: 581 MRstruts:   6 Thi: 0.4999960 
 634 Rop: 32.74879770485 Str: 581 MRstruts:   6 Thi: 0.4999960 
 635 Rop: 32.74879769530 Str: 581 MRstruts:   6 Thi: 0.4999960 
 636 Rop: 32.74879768573 Str: 581 MRstruts:   6 Thi: 0.4999960 
 637 Rop: 32.74879767614 Str: 581 MRstruts:   6 Thi: 0.4999960 
 638 Rop: 32.74879766653 Str: 581 MRstruts:   6 Thi: 0.4999960 
 639 Rop: 32.74879765689 Str: 581 MRstruts:   6 Thi: 0.4999960 
 640 Rop: 32.74879764723 Str: 581 MRstruts:   6 Thi: 0.4999960 
 641 Rop: 32.74879763755 Str: 581 MRstruts:   6 Thi: 0.4999960 
 642 Rop: 32.74879762784 Str: 581 MRstruts:   6 Thi: 0.4999960 
 643 Rop: 32.74879761812 Str: 581 MRstruts:   6 Thi: 0.4999960 
 644 Rop: 32.74879760837 Str: 581 MRstruts:   6 Thi: 0.4999960 
 645 Rop: 32.74879759859 Str: 581 MRstruts:   6 Thi: 0.4999960 
 646 Rop: 32.74879758879 Str: 581 MRstruts:   6 Thi: 0.4999960 
 647 Rop: 32.74879757898 Str: 581 MRstruts:   6 Thi: 0.4999960 
 648 Rop: 32.74879756914 Str: 581 MRstruts:   6 Thi: 0.4999960 
 649 Rop: 32.74879755927 Str: 581 MRstruts:   6 Thi: 0.4999960 
 650 Rop: 32.74879754939 Str: 582 MRstruts:   6 Thi: 0.4999960 
 651 Rop: 32.74879753959 Str: 582 MRstruts:   6 Thi: 0.4999960 
 652 Rop: 32.74879752977 Str: 582 MRstruts:   6 Thi: 0.4999960 
 653 Rop: 32.74879751992 Str: 582 MRstruts:   6 Thi: 0.4999960 
 654 Rop: 32.74879751006 Str: 582 MRstruts:   6 Thi: 0.4999960 
 655 Rop: 32.74879750018 Str: 582 MRstruts:   6 Thi: 0.4999960 
 656 Rop: 32.74879749027 Str: 582 MRstruts:   6 Thi: 0.4999960 
 657 Rop: 32.74879748034 Str: 582 MRstruts:   6 Thi: 0.4999960 
 658 Rop: 32.74879747039 Str: 582 MRstruts:   6 Thi: 0.4999960 
 659 Rop: 32.74879746042 Str: 582 MRstruts:   6 Thi: 0.4999960 
 660 Rop: 32.74879745043 Str: 582 MRstruts:   6 Thi: 0.4999960 
 661 Rop: 32.74879744042 Str: 583 MRstruts:   6 Thi: 0.4999960 
 662 Rop: 32.74879743029 Str: 583 MRstruts:   6 Thi: 0.4999960 
 663 Rop: 32.74879742019 Str: 583 MRstruts:   6 Thi: 0.4999960 
 664 Rop: 32.74879741011 Str: 583 MRstruts:   6 Thi: 0.4999960 
 665 Rop: 32.74879740004 Str: 583 MRstruts:   6 Thi: 0.4999960 
 666 Rop: 32.74879738998 Str: 583 MRstruts:   6 Thi: 0.4999960 
 667 Rop: 32.74879737993 Str: 583 MRstruts:   6 Thi: 0.4999960 
 668 Rop: 32.74879736988 Str: 583 MRstruts:   6 Thi: 0.4999960 
 669 Rop: 32.74879735983 Str: 583 MRstruts:   6 Thi: 0.4999960 
 670 Rop: 32.74879734978 Str: 583 MRstruts:   6 Thi: 0.4999960 
 671 Rop: 32.74879733972 Str: 583 MRstruts:   6 Thi: 0.4999960 
 672 Rop: 32.74879732966 Str: 583 MRstruts:   6 Thi: 0.4999960 
 673 Rop: 32.74879731959 Str: 583 MRstruts:   6 Thi: 0.4999960 
 674 Rop: 32.74879730952 Str: 583 MRstruts:   6 Thi: 0.4999960 
 675 Rop: 32.74879729943 Str: 583 MRstruts:   6 Thi: 0.4999960 
 676 Rop: 32.74879728933 Str: 583 MRstruts:   6 Thi: 0.4999960 
 677 Rop: 32.74879727923 Str: 583 MRstruts:   6 Thi: 0.4999960 
 678 Rop: 32.74879726911 Str: 583 MRstruts:   6 Thi: 0.4999960 
 679 Rop: 32.74879725897 Str: 583 MRstruts:   6 Thi: 0.4999960 
 680 Rop: 32.74879724883 Str: 583 MRstruts:   6 Thi: 0.4999960 
 681 Rop: 32.74879723867 Str: 583 MRstruts:   6 Thi: 0.4999960 
 682 Rop: 32.74879722849 Str: 584 MRstruts:   6 Thi: 0.4999960 
 683 Rop: 32.74879721957 Str: 584 MRstruts:   6 Thi: 0.4999960 
 684 Rop: 32.74879721060 Str: 584 MRstruts:   6 Thi: 0.4999960 
 685 Rop: 32.74879720156 Str: 584 MRstruts:   6 Thi: 0.4999960 
 686 Rop: 32.74879719247 Str: 584 MRstruts:   6 Thi: 0.4999960 
 687 Rop: 32.74879718333 Str: 584 MRstruts:   6 Thi: 0.4999960 
 688 Rop: 32.74879717412 Str: 584 MRstruts:   6 Thi: 0.4999960 
 689 Rop: 32.74879716486 Str: 584 MRstruts:   6 Thi: 0.4999960 
 690 Rop: 32.74879715553 Str: 584 MRstruts:   6 Thi: 0.4999960 
 691 Rop: 32.74879714615 Str: 584 MRstruts:   6 Thi: 0.4999960 
 692 Rop: 32.74879713671 Str: 584 MRstruts:   6 Thi: 0.4999960 
 693 Rop: 32.74879712722 Str: 584 MRstruts:   6 Thi: 0.4999960 
 694 Rop: 32.74879711767 Str: 584 MRstruts:   6 Thi: 0.4999960 
 695 Rop: 32.74879710806 Str: 584 MRstruts:   6 Thi: 0.4999960 
 696 Rop: 32.74879709839 Str: 584 MRstruts:   6 Thi: 0.4999960 
 697 Rop: 32.74879708867 Str: 584 MRstruts:   6 Thi: 0.4999960 
 698 Rop: 32.74879707890 Str: 584 MRstruts:   6 Thi: 0.4999960 
 699 Rop: 32.74879706907 Str: 584 MRstruts:   6 Thi: 0.4999960 
 700 Rop: 32.74879705918 Str: 584 MRstruts:   6 Thi: 0.4999960 
 701 Rop: 32.74879704924 Str: 584 MRstruts:   6 Thi: 0.4999960 
 702 Rop: 32.74879703924 Str: 584 MRstruts:   6 Thi: 0.4999960 
 703 Rop: 32.74879702920 Str: 584 MRstruts:   6 Thi: 0.4999960 
 704 Rop: 32.74879701910 Str: 584 MRstruts:   6 Thi: 0.4999960 
 705 Rop: 32.74879700894 Str: 584 MRstruts:   6 Thi: 0.4999960 
 706 Rop: 32.74879699871 Str: 584 MRstruts:   6 Thi: 0.4999960 
 707 Rop: 32.74879698843 Str: 584 MRstruts:   6 Thi: 0.4999960 
 708 Rop: 32.74879697807 Str: 584 MRstruts:   6 Thi: 0.4999960 
 709 Rop: 32.74879696766 Str: 584 MRstruts:   6 Thi: 0.4999960 
 710 Rop: 32.74879695718 Str: 584 MRstruts:   6 Thi: 0.4999960 
 711 Rop: 32.74879694664 Str: 584 MRstruts:   6 Thi: 0.4999960 
 712 Rop: 32.74879693604 Str: 584 MRstruts:   6 Thi: 0.4999960 
 713 Rop: 32.74879692537 Str: 584 MRstruts:   6 Thi: 0.4999960 
 714 Rop: 32.74879691465 Str: 584 MRstruts:   6 Thi: 0.4999960 
 715 Rop: 32.74879690386 Str: 584 MRstruts:   6 Thi: 0.4999960 
 716 Rop: 32.74879689302 Str: 584 MRstruts:   6 Thi: 0.4999960 
 717 Rop: 32.74879688212 Str: 584 MRstruts:   6 Thi: 0.4999960 
 718 Rop: 32.74879687116 Str: 583 MRstruts:   6 Thi: 0.4999960 
 719 Rop: 32.74879686014 Str: 583 MRstruts:   6 Thi: 0.4999960 
 720 Rop: 32.74879684906 Str: 583 MRstruts:   6 Thi: 0.4999960 
 721 Rop: 32.74879683793 Str: 583 MRstruts:   6 Thi: 0.4999960 
 722 Rop: 32.74879682674 Str: 583 MRstruts:   6 Thi: 0.4999960 
 723 Rop: 32.74879681549 Str: 583 MRstruts:   6 Thi: 0.4999960 
 724 Rop: 32.74879680418 Str: 583 MRstruts:   6 Thi: 0.4999960 
 725 Rop: 32.74879679282 Str: 583 MRstruts:   6 Thi: 0.4999960 
 726 Rop: 32.74879678140 Str: 583 MRstruts:   6 Thi: 0.4999960 
 727 Rop: 32.74879676992 Str: 583 MRstruts:   6 Thi: 0.4999960 
 728 Rop: 32.74879675838 Str: 583 MRstruts:   6 Thi: 0.4999960 
 729 Rop: 32.74879674679 Str: 583 MRstruts:   6 Thi: 0.4999960 
 730 Rop: 32.74879673515 Str: 583 MRstruts:   6 Thi: 0.4999960 
 731 Rop: 32.74879672345 Str: 583 MRstruts:   6 Thi: 0.4999960 
 732 Rop: 32.74879671169 Str: 583 MRstruts:   6 Thi: 0.4999960 
 733 Rop: 32.74879669987 Str: 583 MRstruts:   6 Thi: 0.4999960 
 734 Rop: 32.74879668800 Str: 584 MRstruts:   6 Thi: 0.4999960 
 735 Rop: 32.74879667345 Str: 584 MRstruts:   6 Thi: 0.4999960 
 736 Rop: 32.74879665904 Str: 584 MRstruts:   6 Thi: 0.4999960 
 737 Rop: 32.74879664472 Str: 584 MRstruts:   6 Thi: 0.4999960 
 738 Rop: 32.74879663044 Str: 584 MRstruts:   6 Thi: 0.4999960 
 739 Rop: 32.74879661618 Str: 584 MRstruts:   6 Thi: 0.4999960 
 740 Rop: 32.74879660190 Str: 584 MRstruts:   6 Thi: 0.4999960 
 741 Rop: 32.74879658758 Str: 584 MRstruts:   6 Thi: 0.4999960 
 742 Rop: 32.74879657321 Str: 584 MRstruts:   6 Thi: 0.4999960 
 743 Rop: 32.74879655877 Str: 584 MRstruts:   6 Thi: 0.4999960 
 744 Rop: 32.74879654424 Str: 584 MRstruts:   6 Thi: 0.4999960 
 745 Rop: 32.74879652962 Str: 584 MRstruts:   6 Thi: 0.4999960 
 746 Rop: 32.74879651490 Str: 584 MRstruts:   6 Thi: 0.4999960 
 747 Rop: 32.74879650007 Str: 584 MRstruts:   6 Thi: 0.4999960 
 748 Rop: 32.74879648512 Str: 584 MRstruts:   6 Thi: 0.4999960 
 749 Rop: 32.74879647005 Str: 584 MRstruts:   6 Thi: 0.4999960 
 750 Rop: 32.74879645485 Str: 584 MRstruts:   6 Thi: 0.4999960 
 751 Rop: 32.74879643953 Str: 584 MRstruts:   6 Thi: 0.4999960 
 752 Rop: 32.74879642406 Str: 584 MRstruts:   6 Thi: 0.4999960 
 753 Rop: 32.74879640846 Str: 584 MRstruts:   6 Thi: 0.4999960 
 754 Rop: 32.74879639272 Str: 584 MRstruts:   6 Thi: 0.4999960 
 755 Rop: 32.74879637683 Str: 584 MRstruts:   6 Thi: 0.4999960 
 756 Rop: 32.74879636079 Str: 584 MRstruts:   6 Thi: 0.4999960 
 757 Rop: 32.74879634460 Str: 584 MRstruts:   6 Thi: 0.4999960 
 758 Rop: 32.74879632826 Str: 584 MRstruts:   6 Thi: 0.4999960 
 759 Rop: 32.74879631176 Str: 584 MRstruts:   6 Thi: 0.4999960 
 760 Rop: 32.74879629511 Str: 584 MRstruts:   6 Thi: 0.4999960 
 761 Rop: 32.74879627829 Str: 584 MRstruts:   6 Thi: 0.4999960 
 762 Rop: 32.74879626131 Str: 584 MRstruts:   6 Thi: 0.4999960 
 763 Rop: 32.74879624416 Str: 584 MRstruts:   6 Thi: 0.4999960 
 764 Rop: 32.74879622685 Str: 584 MRstruts:   6 Thi: 0.4999960 
 765 Rop: 32.74879620942 Str: 584 MRstruts:   7 Thi: 0.4999960 
 766 Rop: 32.74879618829 Str: 584 MRstruts:   7 Thi: 0.4999960 
 767 Rop: 32.74879616699 Str: 584 MRstruts:   7 Thi: 0.4999960 
 768 Rop: 32.74879614548 Str: 584 MRstruts:   7 Thi: 0.4999960 
 769 Rop: 32.74879612376 Str: 584 MRstruts:   7 Thi: 0.4999960 
 770 Rop: 32.74879610180 Str: 584 MRstruts:   7 Thi: 0.4999960 
 771 Rop: 32.74879607957 Str: 584 MRstruts:   7 Thi: 0.4999960 
 772 Rop: 32.74879605706 Str: 584 MRstruts:   7 Thi: 0.4999960 
 773 Rop: 32.74879603424 Str: 584 MRstruts:   7 Thi: 0.4999960 
 774 Rop: 32.74879601109 Str: 584 MRstruts:   7 Thi: 0.4999960 
 775 Rop: 32.74879598760 Str: 584 MRstruts:   7 Thi: 0.4999960 
 776 Rop: 32.74879596376 Str: 584 MRstruts:   7 Thi: 0.4999960 
 777 Rop: 32.74879593953 Str: 584 MRstruts:   7 Thi: 0.4999960 
 778 Rop: 32.74879591491 Str: 584 MRstruts:   7 Thi: 0.4999960 
 779 Rop: 32.74879588988 Str: 584 MRstruts:   7 Thi: 0.4999960 
 780 Rop: 32.74879586444 Str: 584 MRstruts:   7 Thi: 0.4999960 
 781 Rop: 32.74879583856 Str: 584 MRstruts:   7 Thi: 0.4999960 
 782 Rop: 32.74879581224 Str: 584 MRstruts:   7 Thi: 0.4999960 
 783 Rop: 32.74879578546 Str: 584 MRstruts:   7 Thi: 0.4999960 
 784 Rop: 32.74879575822 Str: 584 MRstruts:   7 Thi: 0.4999960 
 785 Rop: 32.74879573049 Str: 584 MRstruts:   7 Thi: 0.4999960 
 786 Rop: 32.74879570227 Str: 584 MRstruts:   7 Thi: 0.4999960 
 787 Rop: 32.74879567355 Str: 585 MRstruts:   7 Thi: 0.4999960 
 788 Rop: 32.74879563786 Str: 585 MRstruts:   7 Thi: 0.4999960 
 789 Rop: 32.74879560192 Str: 585 MRstruts:   7 Thi: 0.4999960 
 790 Rop: 32.74879556495 Str: 585 MRstruts:   7 Thi: 0.4999960 
 791 Rop: 32.74879552659 Str: 585 MRstruts:   7 Thi: 0.4999960 
 792 Rop: 32.74879548666 Str: 585 MRstruts:   7 Thi: 0.4999960 
 793 Rop: 32.74879544506 Str: 585 MRstruts:   7 Thi: 0.4999960 
 794 Rop: 32.74879540171 Str: 585 MRstruts:   7 Thi: 0.4999960 
 795 Rop: 32.74879535657 Str: 585 MRstruts:   7 Thi: 0.4999960 
 796 Rop: 32.74879530961 Str: 585 MRstruts:   7 Thi: 0.4999960 
 797 Rop: 32.74879526078 Str: 585 MRstruts:   7 Thi: 0.4999960 
 798 Rop: 32.74879521003 Str: 585 MRstruts:   7 Thi: 0.4999960 
 799 Rop: 32.74879515729 Str: 585 MRstruts:   7 Thi: 0.4999960 
 800 Rop: 32.74879510256 Str: 585 MRstruts:   7 Thi: 0.4999960 
 801 Rop: 32.74879504581 Str: 585 MRstruts:   7 Thi: 0.4999960 
 802 Rop: 32.74879498697 Str: 585 MRstruts:   7 Thi: 0.4999960 
 803 Rop: 32.74879492598 Str: 585 MRstruts:   7 Thi: 0.4999960 
 804 Rop: 32.74879486275 Str: 585 MRstruts:   7 Thi: 0.4999960 
 805 Rop: 32.74879479715 Str: 585 MRstruts:   7 Thi: 0.4999960 
 806 Rop: 32.74879472906 Str: 585 MRstruts:   7 Thi: 0.4999960 
 807 Rop: 32.74879465830 Str: 585 MRstruts:   7 Thi: 0.4999960 
 808 Rop: 32.74879458464 Str: 585 MRstruts:   7 Thi: 0.4999959 
 809 Rop: 32.74879450783 Str: 586 MRstruts:   7 Thi: 0.4999959 
 810 Rop: 32.74879448321 Str: 586 MRstruts:   7 Thi: 0.4999959 
 811 Rop: 32.74879445602 Str: 586 MRstruts:   7 Thi: 0.4999959 
 812 Rop: 32.74879442704 Str: 586 MRstruts:   7 Thi: 0.4999959 
 813 Rop: 32.74879439711 Str: 586 MRstruts:   7 Thi: 0.4999959 
 814 Rop: 32.74879436650 Str: 586 MRstruts:   7 Thi: 0.4999959 
 815 Rop: 32.74879433533 Str: 586 MRstruts:   7 Thi: 0.4999959 
 816 Rop: 32.74879430366 Str: 587 MRstruts:   7 Thi: 0.4999959 
 817 Rop: 32.74879427136 Str: 587 MRstruts:   7 Thi: 0.4999959 
 818 Rop: 32.74879423865 Str: 587 MRstruts:   7 Thi: 0.4999959 
 819 Rop: 32.74879420555 Str: 587 MRstruts:   7 Thi: 0.4999959 
 820 Rop: 32.74879417205 Str: 587 MRstruts:   7 Thi: 0.4999959 
 821 Rop: 32.74879413812 Str: 587 MRstruts:   7 Thi: 0.4999959 
 822 Rop: 32.74879410372 Str: 587 MRstruts:   7 Thi: 0.4999959 
 823 Rop: 32.74879406882 Str: 587 MRstruts:   7 Thi: 0.4999959 
 824 Rop: 32.74879403336 Str: 587 MRstruts:   7 Thi: 0.4999959 
 825 Rop: 32.74879399730 Str: 587 MRstruts:   7 Thi: 0.4999959 
 826 Rop: 32.74879396059 Str: 587 MRstruts:   7 Thi: 0.4999959 
 827 Rop: 32.74879392320 Str: 587 MRstruts:   7 Thi: 0.4999959 
 828 Rop: 32.74879388504 Str: 588 MRstruts:   7 Thi: 0.4999959 
 829 Rop: 32.74879384601 Str: 588 MRstruts:   7 Thi: 0.4999959 
 830 Rop: 32.74879380632 Str: 588 MRstruts:   7 Thi: 0.4999959 
 831 Rop: 32.74879376574 Str: 589 MRstruts:   7 Thi: 0.4999959 
 832 Rop: 32.74879365804 Str: 589 MRstruts:   7 Thi: 0.4999959 
 833 Rop: 32.74879340777 Str: 589 MRstruts:   7 Thi: 0.4999959 
 834 Rop: 32.74879338987 Str: 589 MRstruts:   7 Thi: 0.4999959 
 835 Rop: 32.74879338559 Str: 589 MRstruts:   7 Thi: 0.4999959 
 836 Rop: 32.74879338161 Str: 589 MRstruts:   7 Thi: 0.4999959 
 837 Rop: 32.74879337763 Str: 589 MRstruts:   7 Thi: 0.4999959 
 838 Rop: 32.74879337366 Str: 589 MRstruts:   7 Thi: 0.4999959 
 839 Rop: 32.74879336969 Str: 589 MRstruts:   7 Thi: 0.4999959 
 840 Rop: 32.74879336572 Str: 589 MRstruts:   7 Thi: 0.4999959 
 841 Rop: 32.74879336175 Str: 589 MRstruts:   7 Thi: 0.4999959 
 842 Rop: 32.74879335778 Str: 589 MRstruts:   7 Thi: 0.4999959 
 843 Rop: 32.74879335381 Str: 589 MRstruts:   7 Thi: 0.4999959 
 844 Rop: 32.74879334984 Str: 589 MRstruts:   7 Thi: 0.4999959 
 845 Rop: 32.74879334587 Str: 589 MRstruts:   7 Thi: 0.4999959 
 846 Rop: 32.74879334190 Str: 589 MRstruts:   7 Thi: 0.4999959 
 847 Rop: 32.74879333792 Str: 589 MRstruts:   7 Thi: 0.4999959 
 848 Rop: 32.74879333395 Str: 589 MRstruts:   7 Thi: 0.4999959 
 849 Rop: 32.74879332997 Str: 589 MRstruts:   7 Thi: 0.4999959 
 850 Rop: 32.74879332599 Str: 589 MRstruts:   7 Thi: 0.4999959 
 851 Rop: 32.74879332200 Str: 589 MRstruts:   7 Thi: 0.4999959 
 852 Rop: 32.74879331801 Str: 589 MRstruts:   7 Thi: 0.4999959 
 853 Rop: 32.74879331402 Str: 589 MRstruts:   7 Thi: 0.4999959 
 854 Rop: 32.74879331002 Str: 589 MRstruts:   7 Thi: 0.4999959 
 855 Rop: 32.74879330602 Str: 589 MRstruts:   7 Thi: 0.4999959 
 856 Rop: 32.74879330202 Str: 589 MRstruts:   7 Thi: 0.4999959 
 857 Rop: 32.74879329801 Str: 589 MRstruts:   7 Thi: 0.4999959 
 858 Rop: 32.74879329400 Str: 589 MRstruts:   7 Thi: 0.4999959 
 859 Rop: 32.74879328999 Str: 589 MRstruts:   7 Thi: 0.4999959 
 860 Rop: 32.74879328597 Str: 589 MRstruts:   7 Thi: 0.4999959 
 861 Rop: 32.74879328195 Str: 589 MRstruts:   7 Thi: 0.4999959 
 862 Rop: 32.74879327792 Str: 589 MRstruts:   7 Thi: 0.4999959 
 863 Rop: 32.74879327389 Str: 589 MRstruts:   7 Thi: 0.4999959 
 864 Rop: 32.74879326985 Str: 589 MRstruts:   7 Thi: 0.4999959 
 865 Rop: 32.74879326581 Str: 589 MRstruts:   7 Thi: 0.4999959 
 866 Rop: 32.74879326177 Str: 590 MRstruts:   7 Thi: 0.4999959 
 867 Rop: 32.74879325770 Str: 590 MRstruts:   7 Thi: 0.4999959 
 868 Rop: 32.74879325364 Str: 590 MRstruts:   7 Thi: 0.4999959 
 869 Rop: 32.74879324957 Str: 590 MRstruts:   7 Thi: 0.4999959 
 870 Rop: 32.74879324549 Str: 590 MRstruts:   7 Thi: 0.4999959 
 871 Rop: 32.74879324141 Str: 590 MRstruts:   7 Thi: 0.4999959 
 872 Rop: 32.74879323733 Str: 590 MRstruts:   7 Thi: 0.4999959 
 873 Rop: 32.74879323325 Str: 590 MRstruts:   7 Thi: 0.4999959 
 874 Rop: 32.74879322916 Str: 590 MRstruts:   7 Thi: 0.4999959 
 875 Rop: 32.74879322506 Str: 590 MRstruts:   7 Thi: 0.4999959 
 876 Rop: 32.74879322097 Str: 590 MRstruts:   7 Thi: 0.4999959 
 877 Rop: 32.74879321687 Str: 590 MRstruts:   7 Thi: 0.4999959 
 878 Rop: 32.74879321276 Str: 590 MRstruts:   7 Thi: 0.4999959 
 879 Rop: 32.74879320866 Str: 590 MRstruts:   7 Thi: 0.4999959 
 880 Rop: 32.74879320455 Str: 590 MRstruts:   7 Thi: 0.4999959 
 881 Rop: 32.74879320043 Str: 590 MRstruts:   7 Thi: 0.4999959 
 882 Rop: 32.74879319631 Str: 590 MRstruts:   7 Thi: 0.4999959 
 883 Rop: 32.74879319219 Str: 590 MRstruts:   7 Thi: 0.4999959 
 884 Rop: 32.74879318806 Str: 590 MRstruts:   7 Thi: 0.4999959 
 885 Rop: 32.74879318393 Str: 590 MRstruts:   7 Thi: 0.4999959 
 886 Rop: 32.74879317980 Str: 590 MRstruts:   7 Thi: 0.4999959 
 887 Rop: 32.74879317565 Str: 590 MRstruts:   7 Thi: 0.4999959 
 888 Rop: 32.74879317151 Str: 590 MRstruts:   7 Thi: 0.4999959 
 889 Rop: 32.74879316736 Str: 590 MRstruts:   7 Thi: 0.4999959 
 890 Rop: 32.74879316321 Str: 590 MRstruts:   7 Thi: 0.4999959 
 891 Rop: 32.74879315905 Str: 590 MRstruts:   7 Thi: 0.4999959 
 892 Rop: 32.74879315489 Str: 590 MRstruts:   7 Thi: 0.4999959 
 893 Rop: 32.74879315073 Str: 590 MRstruts:   7 Thi: 0.4999959 
 894 Rop: 32.74879314656 Str: 590 MRstruts:   7 Thi: 0.4999959 
 895 Rop: 32.74879314239 Str: 590 MRstruts:   7 Thi: 0.4999959 
 896 Rop: 32.74879313821 Str: 590 MRstruts:   7 Thi: 0.4999959 
 897 Rop: 32.74879313403 Str: 590 MRstruts:   7 Thi: 0.4999959 
 898 Rop: 32.74879312984 Str: 590 MRstruts:   7 Thi: 0.4999959 
 899 Rop: 32.74879312565 Str: 590 MRstruts:   7 Thi: 0.4999959 
 900 Rop: 32.74879312146 Str: 590 MRstruts:   7 Thi: 0.4999959 
 901 Rop: 32.74879311726 Str: 590 MRstruts:   7 Thi: 0.4999959 
 902 Rop: 32.74879311306 Str: 590 MRstruts:   7 Thi: 0.4999959 
 903 Rop: 32.74879310886 Str: 590 MRstruts:   7 Thi: 0.4999959 
 904 Rop: 32.74879310464 Str: 590 MRstruts:   7 Thi: 0.4999959 
 905 Rop: 32.74879310043 Str: 590 MRstruts:   7 Thi: 0.4999959 
 906 Rop: 32.74879309621 Str: 590 MRstruts:   7 Thi: 0.4999959 
 907 Rop: 32.74879309198 Str: 590 MRstruts:   7 Thi: 0.4999959 
 908 Rop: 32.74879308776 Str: 590 MRstruts:   7 Thi: 0.4999959 
 909 Rop: 32.74879308352 Str: 590 MRstruts:   7 Thi: 0.4999959 
 910 Rop: 32.74879307929 Str: 590 MRstruts:   7 Thi: 0.4999959 
 911 Rop: 32.74879307505 Str: 590 MRstruts:   7 Thi: 0.4999959 
 912 Rop: 32.74879307080 Str: 590 MRstruts:   7 Thi: 0.4999959 
 913 Rop: 32.74879306655 Str: 590 MRstruts:   7 Thi: 0.4999959 
 914 Rop: 32.74879306230 Str: 590 MRstruts:   7 Thi: 0.4999959 
 915 Rop: 32.74879305804 Str: 590 MRstruts:   7 Thi: 0.4999959 
 916 Rop: 32.74879305378 Str: 590 MRstruts:   7 Thi: 0.4999959 
 917 Rop: 32.74879304952 Str: 590 MRstruts:   7 Thi: 0.4999959 
 918 Rop: 32.74879304525 Str: 590 MRstruts:   7 Thi: 0.4999959 
 919 Rop: 32.74879304098 Str: 590 MRstruts:   7 Thi: 0.4999959 
 920 Rop: 32.74879303670 Str: 590 MRstruts:   7 Thi: 0.4999959 
 921 Rop: 32.74879303242 Str: 590 MRstruts:   7 Thi: 0.4999959 
 922 Rop: 32.74879302813 Str: 590 MRstruts:   7 Thi: 0.4999959 
 923 Rop: 32.74879302384 Str: 590 MRstruts:   7 Thi: 0.4999959 
 924 Rop: 32.74879301955 Str: 590 MRstruts:   7 Thi: 0.4999959 
 925 Rop: 32.74879301525 Str: 590 MRstruts:   7 Thi: 0.4999959 
 926 Rop: 32.74879301095 Str: 590 MRstruts:   7 Thi: 0.4999959 
 927 Rop: 32.74879300664 Str: 590 MRstruts:   7 Thi: 0.4999959 
 928 Rop: 32.74879300234 Str: 590 MRstruts:   7 Thi: 0.4999959 
 929 Rop: 32.74879299802 Str: 590 MRstruts:   7 Thi: 0.4999959 
 930 Rop: 32.74879299371 Str: 590 MRstruts:   7 Thi: 0.4999959 
 931 Rop: 32.74879298938 Str: 590 MRstruts:   7 Thi: 0.4999959 
 932 Rop: 32.74879298506 Str: 590 MRstruts:   7 Thi: 0.4999959 
 933 Rop: 32.74879298073 Str: 590 MRstruts:   7 Thi: 0.4999959 
 934 Rop: 32.74879297639 Str: 590 MRstruts:   7 Thi: 0.4999959 
 935 Rop: 32.74879297205 Str: 590 MRstruts:   7 Thi: 0.4999959 
 936 Rop: 32.74879296771 Str: 590 MRstruts:   7 Thi: 0.4999959 
 937 Rop: 32.74879296336 Str: 590 MRstruts:   7 Thi: 0.4999959 
 938 Rop: 32.74879295901 Str: 590 MRstruts:   7 Thi: 0.4999959 
 939 Rop: 32.74879295465 Str: 590 MRstruts:   7 Thi: 0.4999959 
 940 Rop: 32.74879295029 Str: 590 MRstruts:   7 Thi: 0.4999959 
 941 Rop: 32.74879294593 Str: 590 MRstruts:   7 Thi: 0.4999959 
 942 Rop: 32.74879294156 Str: 590 MRstruts:   7 Thi: 0.4999959 
 943 Rop: 32.74879293718 Str: 590 MRstruts:   7 Thi: 0.4999959 
 944 Rop: 32.74879293281 Str: 590 MRstruts:   7 Thi: 0.4999959 
 945 Rop: 32.74879292843 Str: 590 MRstruts:   7 Thi: 0.4999959 
 946 Rop: 32.74879292404 Str: 590 MRstruts:   7 Thi: 0.4999959 
 947 Rop: 32.74879291965 Str: 590 MRstruts:   7 Thi: 0.4999959 
 948 Rop: 32.74879291526 Str: 590 MRstruts:   7 Thi: 0.4999959 
 949 Rop: 32.74879291086 Str: 590 MRstruts:   7 Thi: 0.4999959 
 950 Rop: 32.74879290646 Str: 590 MRstruts:   7 Thi: 0.4999959 
 951 Rop: 32.74879290206 Str: 590 MRstruts:   7 Thi: 0.4999959 
 952 Rop: 32.74879289764 Str: 590 MRstruts:   7 Thi: 0.4999959 
 953 Rop: 32.74879289323 Str: 590 MRstruts:   7 Thi: 0.4999959 
 954 Rop: 32.74879288881 Str: 590 MRstruts:   7 Thi: 0.4999959 
 955 Rop: 32.74879288439 Str: 590 MRstruts:   7 Thi: 0.4999959 
 956 Rop: 32.74879287997 Str: 590 MRstruts:   7 Thi: 0.4999959 
 957 Rop: 32.74879287554 Str: 590 MRstruts:   7 Thi: 0.4999959 
 958 Rop: 32.74879287110 Str: 590 MRstruts:   7 Thi: 0.4999959 
 959 Rop: 32.74879286667 Str: 590 MRstruts:   7 Thi: 0.4999959 
 960 Rop: 32.74879286222 Str: 590 MRstruts:   7 Thi: 0.4999959 
 961 Rop: 32.74879285778 Str: 590 MRstruts:   7 Thi: 0.4999959 
 962 Rop: 32.74879285333 Str: 590 MRstruts:   7 Thi: 0.4999959 
 963 Rop: 32.74879284888 Str: 590 MRstruts:   7 Thi: 0.4999959 
 964 Rop: 32.74879284442 Str: 590 MRstruts:   7 Thi: 0.4999959 
 965 Rop: 32.74879283996 Str: 590 MRstruts:   7 Thi: 0.4999959 
 966 Rop: 32.74879283549 Str: 590 MRstruts:   7 Thi: 0.4999959 
 967 Rop: 32.74879283102 Str: 590 MRstruts:   7 Thi: 0.4999959 
 968 Rop: 32.74879282655 Str: 590 MRstruts:   7 Thi: 0.4999959 
 969 Rop: 32.74879282208 Str: 590 MRstruts:   7 Thi: 0.4999959 
 970 Rop: 32.74879281760 Str: 590 MRstruts:   7 Thi: 0.4999959 
 971 Rop: 32.74879281311 Str: 590 MRstruts:   7 Thi: 0.4999959 
 972 Rop: 32.74879280862 Str: 590 MRstruts:   7 Thi: 0.4999959 
 973 Rop: 32.74879280413 Str: 590 MRstruts:   7 Thi: 0.4999959 
 974 Rop: 32.74879279964 Str: 590 MRstruts:   7 Thi: 0.4999959 
 975 Rop: 32.74879279514 Str: 590 MRstruts:   7 Thi: 0.4999959 
 976 Rop: 32.74879279063 Str: 590 MRstruts:   7 Thi: 0.4999959 
 977 Rop: 32.74879278613 Str: 590 MRstruts:   7 Thi: 0.4999959 
 978 Rop: 32.74879278161 Str: 590 MRstruts:   7 Thi: 0.4999959 
 979 Rop: 32.74879277710 Str: 590 MRstruts:   7 Thi: 0.4999959 
 980 Rop: 32.74879277257 Str: 590 MRstruts:   7 Thi: 0.4999959 
 981 Rop: 32.74879276805 Str: 590 MRstruts:   7 Thi: 0.4999959 
 982 Rop: 32.74879276352 Str: 590 MRstruts:   7 Thi: 0.4999959 
 983 Rop: 32.74879275899 Str: 590 MRstruts:   7 Thi: 0.4999959 
 984 Rop: 32.74879275445 Str: 590 MRstruts:   7 Thi: 0.4999959 
 985 Rop: 32.74879274991 Str: 590 MRstruts:   7 Thi: 0.4999959 
 986 Rop: 32.74879274537 Str: 590 MRstruts:   7 Thi: 0.4999959 
 987 Rop: 32.74879274082 Str: 590 MRstruts:   7 Thi: 0.4999959 
 988 Rop: 32.74879273627 Str: 590 MRstruts:   7 Thi: 0.4999959 
 989 Rop: 32.74879273172 Str: 590 MRstruts:   7 Thi: 0.4999959 
 990 Rop: 32.74879272716 Str: 590 MRstruts:   7 Thi: 0.4999959 
 991 Rop: 32.74879272259 Str: 590 MRstruts:   7 Thi: 0.4999959 
 992 Rop: 32.74879271802 Str: 590 MRstruts:   7 Thi: 0.4999959 
 993 Rop: 32.74879271345 Str: 590 MRstruts:   7 Thi: 0.4999959 
 994 Rop: 32.74879270888 Str: 590 MRstruts:   7 Thi: 0.4999959 
 995 Rop: 32.74879270430 Str: 590 MRstruts:   7 Thi: 0.4999959 
 996 Rop: 32.74879269971 Str: 590 MRstruts:   7 Thi: 0.4999959 
 997 Rop: 32.74879269513 Str: 590 MRstruts:   7 Thi: 0.4999959 
 998 Rop: 32.74879269054 Str: 590 MRstruts:   7 Thi: 0.4999959 
 999 Rop: 32.74879268595 Str: 590 MRstruts:   7 Thi: 0.4999959 
1000 Rop: 32.74879268135 Str: 590 MRstruts:   7 Thi: 0.4999959 
ridgerunner: run complete. Terminated because 
ridgerunner: reached maximum number of steps (1000).
ridgerunner: Run complete.
