note: "version 2" Tectonic command-line interface activated
note: Running TeX ...
(main.tex
LaTeX2e <2021-11-15> patch level 1
L3 programming layer <2022-02-24> (article.cls
Document Class: article 2021/10/04 v1.4n Standard LaTeX document class
(size11.clo)) (geometry.sty (keyval.sty) (ifvtex.sty (iftex.sty))) (amsmath.sty
For additional information on amsmath, use the `?' option.
(amstext.sty (amsgen.sty)) (amsbsy.sty) (amsopn.sty)) (amssymb.sty
(amsfonts.sty)) (amsthm.sty) (graphicx.sty (graphics.sty (trig.sty)
(graphics.cfg) (xetex.def))) (booktabs.sty) (hyperref.sty (ltxcmds.sty)
(pdftexcmds.sty (infwarerr.sty)) (kvsetkeys.sty) (kvdefinekeys.sty)
(pdfescape.sty) (hycolor.sty) (letltxmacro.sty) (auxhook.sty) (kvoptions.sty)
(pd1enc.def) (intcalc.sty) (etexcmds.sty) (puenc.def) (url.sty) (bitset.sty
(bigintcalc.sty)) (atbegshi-ltx.sty)) (hxetex.def (stringenc.sty)
(rerunfilecheck.sty (atveryend-ltx.sty) (uniquecounter.sty)))
(l3backend-xetex.def)
No file main.aux.
(ts1cmr.fd)
*geometry* driver: auto-detecting
*geometry* detected driver: xetex
(nameref.sty (refcount.sty) (gettitlestring.sty))

Package hyperref Warning: Rerun to get /PageLabels entry.

(umsa.fd) (umsb.fd)

LaTeX Warning: Citation `cks' on page 1 undefined on input line 37.


LaTeX Warning: Citation `kt25' on page 1 undefined on input line 42.


LaTeX Warning: Citation `klotz26' on page 1 undefined on input line 42.


LaTeX Warning: Citation `ob12' on page 1 undefined on input line 44.


LaTeX Warning: Citation `star06' on page 1 undefined on input line 44.


LaTeX Warning: Citation `atkinson19' on page 1 undefined on input line 44.


LaTeX Warning: Citation `kt25' on page 1 undefined on input line 48.


LaTeX Warning: Citation `klotz26' on page 1 undefined on input line 54.

[1] [2]

LaTeX Warning: Reference `same' on page 3 undefined on input line 154.


LaTeX Warning: Reference `cross' on page 3 undefined on input line 154.


LaTeX Warning: Reference `finite' on page 3 undefined on input line 204.


warning: main.tex:206: Overfull \hbox (24.69064pt too wide) in paragraph at lines 203--206
Overfull \hbox (24.69064pt too wide) in paragraph at lines 203--206
\TU/lmr/m/n/10.95 Let $\OML/cmm/m/it/10.95 L\OT1/cmr/m/n/10.95 (\OML/cmm/m/it/1
0.95 T; b\OT1/cmr/m/n/10.95 )$ \TU/lmr/m/n/10.95 be the exact total analytic le
ngth in Proposition [], and $\OML/cmm/m/it/10.95 F\OT1/cmr/m/n/10.95 (\OML/cmm/
m/it/10.95 T; b\OT1/cmr/m/n/10.95 ) = \OML/cmm/m/it/10.95 L\OT1/cmr/m/n/10.95 (
\OML/cmm/m/it/10.95 T; b\OT1/cmr/m/n/10.95 )\OML/cmm/m/it/10.95 =\OT1/cmr/m/n/1
0.95 [\OML/cmm/m/it/10.95 M\OT1/cmr/m/n/10.95 (\OML/cmm/m/it/10.95 T; b\OT1/cmr
/m/n/10.95 )(\OML/cmm/m/it/10.95 M\OT1/cmr/m/n/10.95 (\OML/cmm/m/it/10.95 T; b\
OT1/cmr/m/n/10.95 ) \OMS/cmsy/m/n/10.95 ^^@
[3]

LaTeX Warning: Reference `expansion' on page 4 undefined on input line 262.

[4]

LaTeX Warning: Reference `correction' on page 5 undefined on input line 335.

[5] [6] [7] (main.aux)

LaTeX Warning: There were undefined references.


LaTeX Warning: Label(s) may have changed. Rerun to get cross-references right.


Package rerunfilecheck Warning: File `main.out' has changed.
(rerunfilecheck)                Rerun to get outlines right
(rerunfilecheck)                or use package `bookmark'.

 )
(see the transcript file for additional information)
Output written on main.xdv (7 pages, 152888 bytes).
Transcript written on main.log.
note: Rerunning TeX because "main.out" changed ...
(main.tex
LaTeX2e <2021-11-15> patch level 1
L3 programming layer <2022-02-24> (article.cls
Document Class: article 2021/10/04 v1.4n Standard LaTeX document class
(size11.clo)) (geometry.sty (keyval.sty) (ifvtex.sty (iftex.sty))) (amsmath.sty
For additional information on amsmath, use the `?' option.
(amstext.sty (amsgen.sty)) (amsbsy.sty) (amsopn.sty)) (amssymb.sty
(amsfonts.sty)) (amsthm.sty) (graphicx.sty (graphics.sty (trig.sty)
(graphics.cfg) (xetex.def))) (booktabs.sty) (hyperref.sty (ltxcmds.sty)
(pdftexcmds.sty (infwarerr.sty)) (kvsetkeys.sty) (kvdefinekeys.sty)
(pdfescape.sty) (hycolor.sty) (letltxmacro.sty) (auxhook.sty) (kvoptions.sty)
(pd1enc.def) (intcalc.sty) (etexcmds.sty) (puenc.def) (url.sty) (bitset.sty
(bigintcalc.sty)) (atbegshi-ltx.sty)) (hxetex.def (stringenc.sty)
(rerunfilecheck.sty (atveryend-ltx.sty) (uniquecounter.sty)))
(l3backend-xetex.def) (main.aux) (ts1cmr.fd)
*geometry* driver: auto-detecting
*geometry* detected driver: xetex
(nameref.sty (refcount.sty) (gettitlestring.sty)) (main.out) (main.out)
(umsa.fd) (umsb.fd) [1] [2]
warning: main.tex:206: Overfull \hbox (18.27396pt too wide) in paragraph at lines 203--206
Overfull \hbox (18.27396pt too wide) in paragraph at lines 203--206
\TU/lmr/m/n/10.95 Let $\OML/cmm/m/it/10.95 L\OT1/cmr/m/n/10.95 (\OML/cmm/m/it/1
0.95 T; b\OT1/cmr/m/n/10.95 )$ \TU/lmr/m/n/10.95 be the exact total analytic le
ngth in Proposition []3[], and $\OML/cmm/m/it/10.95 F\OT1/cmr/m/n/10.95 (\OML/c
mm/m/it/10.95 T; b\OT1/cmr/m/n/10.95 ) = \OML/cmm/m/it/10.95 L\OT1/cmr/m/n/10.9
5 (\OML/cmm/m/it/10.95 T; b\OT1/cmr/m/n/10.95 )\OML/cmm/m/it/10.95 =\OT1/cmr/m/
n/10.95 [\OML/cmm/m/it/10.95 M\OT1/cmr/m/n/10.95 (\OML/cmm/m/it/10.95 T; b\OT1/
cmr/m/n/10.95 )(\OML/cmm/m/it/10.95 M\OT1/cmr/m/n/10.95 (\OML/cmm/m/it/10.95 T;
 b\OT1/cmr/m/n/10.95 ) \OMS/cmsy/m/n/10.95 ^^@
[3] [4] [5] [6] [7] (main.aux) )
(see the transcript file for additional information)
Output written on main.xdv (7 pages, 154880 bytes).
Transcript written on main.log.
warning: warnings were issued by the TeX engine; use --print and/or --keep-logs for details.
note: Running xdvipdfmx ...
[1][2][3][4][5][6][7]115382 bytes written
note: Writing `build/main.out` (1.2861328125 KiB)
note: Writing `build/main.aux` (2.4287109375 KiB)
note: Writing `build/main.log` (12.431640625 KiB)
note: Writing `build/main.pdf` (112.677734375 KiB)
