Ridgerunner 2.3.1
Built Sep 13 2026, 00:43:43.
plCurve Version: 10.1.0
Octrope Version: 10.1.0
tsnnls Version: 2.5.1
Seeded from dev/random with seed -1536993344.
Loaded 12 component, 576 vertex plCurve from seed3141.vect.
Saved copy of seed3141.vect to ./seed3141.rr/seed3141.vect.
Curve has thickness 0.490363. Scaling to thickness 0.501.
Scaled curve has thickness 0.501.
 Autoscale selftest ok.
Rerez'd, autoscaled, eq'd file written to ./seed3141.rr/seed3141.atstart.vect.
Overstep tolerance: 0.000100 of thickness 0.500000 (0.499950) minminrad: 0.49997500
ridgerunner: Curses screen display disabled, using stdout.
             Define CURSES_DISPLAY to enable better screen display.
ridgerunner: Starting run. Will stop if 
               step number >= 300 
               residual < 0 
               ropelength decrease over last 20 steps < -1000.

   1 Rop: 756.94611885754 Str:   0 MRstruts:   0 Thi: 0.5000003 
   2 Rop: 756.94643627605 Str:   2 MRstruts:   0 Thi: 0.5000000 
   3 Rop: 756.93746994483 Str:   2 MRstruts:   0 Thi: 0.5000000 
   4 Rop: 756.93750268172 Str:   4 MRstruts:   0 Thi: 0.5000000 
   5 Rop: 756.76281815498 Str:   6 MRstruts:   0 Thi: 0.4999988 
   6 Rop: 756.75516404590 Str:   8 MRstruts:   0 Thi: 0.4999987 
   7 Rop: 756.74842115907 Str:  10 MRstruts:   0 Thi: 0.4999987 
   8 Rop: 756.58487163534 Str:  12 MRstruts:   0 Thi: 0.4999965 
   9 Rop: 756.51417911136 Str:  14 MRstruts:   0 Thi: 0.4999960 
  10 Rop: 756.47580134312 Str:  16 MRstruts:   0 Thi: 0.4999959 
  11 Rop: 756.28311419005 Str:  18 MRstruts:   0 Thi: 0.4999939 
  12 Rop: 756.17094401150 Str:  20 MRstruts:   0 Thi: 0.4999936 
  13 Rop: 756.15669304672 Str:  22 MRstruts:   0 Thi: 0.4999936 
  14 Rop: 756.01282239495 Str:  24 MRstruts:   0 Thi: 0.4999932 
  15 Rop: 755.82706369415 Str:  26 MRstruts:   0 Thi: 0.4999920 
  16 Rop: 755.82014933350 Str:  28 MRstruts:   0 Thi: 0.4999920 
  17 Rop: 755.56297803966 Str:  30 MRstruts:   0 Thi: 0.4999900 
  18 Rop: 755.51312680453 Str:  32 MRstruts:   0 Thi: 0.4999896 
  19 Rop: 755.48632026648 Str:  34 MRstruts:   0 Thi: 0.4999896 
  20 Rop: 755.25528356945 Str:  38 MRstruts:   0 Thi: 0.4999875 
  21 Rop: 755.08325461176 Str:  40 MRstruts:   0 Thi: 0.4999859 
  22 Rop: 754.95790793464 Str:  42 MRstruts:   0 Thi: 0.4999859 
  23 Rop: 754.68365467418 Str:  44 MRstruts:   0 Thi: 0.4999859 
  24 Rop: 754.59679044570 Str:  54 MRstruts:   0 Thi: 0.4995771 
  25 Rop: 754.54476437364 Str:   4 MRstruts:   0 Thi: 0.5000000 
  26 Rop: 754.54373552234 Str:   8 MRstruts:   0 Thi: 0.4999997 
  27 Rop: 754.41247195442 Str:   8 MRstruts:   0 Thi: 0.4999993 
  28 Rop: 754.41186427339 Str:  10 MRstruts:   0 Thi: 0.4999993 
  29 Rop: 754.40804989526 Str:  12 MRstruts:   0 Thi: 0.4999993 
  30 Rop: 754.40480070093 Str:  14 MRstruts:   0 Thi: 0.4999993 
  31 Rop: 754.40024459073 Str:  16 MRstruts:   0 Thi: 0.4999993 
  32 Rop: 754.39308209948 Str:  18 MRstruts:   0 Thi: 0.4999993 
  33 Rop: 754.38806725158 Str:  20 MRstruts:   0 Thi: 0.4999992 
  34 Rop: 754.36971691865 Str:  22 MRstruts:   0 Thi: 0.4999992 
  35 Rop: 754.34459285073 Str:  24 MRstruts:   0 Thi: 0.4999992 
  36 Rop: 754.34332429587 Str:  26 MRstruts:   0 Thi: 0.4999992 
  37 Rop: 754.34153552852 Str:  28 MRstruts:   0 Thi: 0.4999992 
  38 Rop: 754.33597983888 Str:  30 MRstruts:   0 Thi: 0.4999991 
  39 Rop: 754.33430106917 Str:  32 MRstruts:   0 Thi: 0.4999991 
  40 Rop: 754.32877912251 Str:  34 MRstruts:   0 Thi: 0.4999991 
  41 Rop: 754.32062705479 Str:  36 MRstruts:   0 Thi: 0.4999991 
  42 Rop: 754.31435943669 Str:  38 MRstruts:   0 Thi: 0.4999991 
  43 Rop: 754.30986228036 Str:  40 MRstruts:   0 Thi: 0.4999991 
  44 Rop: 754.30301585047 Str:  44 MRstruts:   0 Thi: 0.4999860 
  45 Rop: 754.28788744110 Str:  46 MRstruts:   0 Thi: 0.4999860 
  46 Rop: 754.19050690293 Str:  48 MRstruts:   0 Thi: 0.4999858 
  47 Rop: 754.09837471784 Str:  52 MRstruts:   0 Thi: 0.4999440 
  48 Rop: 754.09838380716 Str:   2 MRstruts:   0 Thi: 0.5000000 
  49 Rop: 754.09748900154 Str:   4 MRstruts:   0 Thi: 0.5000000 
  50 Rop: 754.07953812820 Str:   4 MRstruts:   0 Thi: 0.5000000 
  51 Rop: 754.07945828922 Str:   6 MRstruts:   0 Thi: 0.5000000 
  52 Rop: 754.07389998845 Str:   8 MRstruts:   0 Thi: 0.5000000 
  53 Rop: 754.07347561911 Str:  10 MRstruts:   0 Thi: 0.5000000 
  54 Rop: 754.07295504134 Str:  12 MRstruts:   0 Thi: 0.5000000 
  55 Rop: 754.07239890961 Str:  14 MRstruts:   0 Thi: 0.5000000 
  56 Rop: 754.07080070631 Str:  16 MRstruts:   0 Thi: 0.5000000 
  57 Rop: 754.07069920939 Str:  18 MRstruts:   0 Thi: 0.5000000 
  58 Rop: 754.07021724989 Str:  20 MRstruts:   0 Thi: 0.5000000 
  59 Rop: 754.06809713230 Str:  22 MRstruts:   0 Thi: 0.5000000 
  60 Rop: 754.06518721246 Str:  24 MRstruts:   0 Thi: 0.5000000 
  61 Rop: 754.06495700893 Str:  26 MRstruts:   0 Thi: 0.5000000 
  62 Rop: 754.06405506986 Str:  28 MRstruts:   0 Thi: 0.5000000 
  63 Rop: 754.06358113397 Str:  30 MRstruts:   0 Thi: 0.4999999 
  64 Rop: 754.06280707532 Str:  32 MRstruts:   0 Thi: 0.4999999 
  65 Rop: 754.06250730267 Str:  34 MRstruts:   0 Thi: 0.4999999 
  66 Rop: 754.06176458647 Str:  36 MRstruts:   0 Thi: 0.4999999 
  67 Rop: 754.06139156686 Str:  40 MRstruts:   0 Thi: 0.4999993 
  68 Rop: 754.06047897542 Str:  42 MRstruts:   0 Thi: 0.4999993 
  69 Rop: 754.03335430400 Str:  54 MRstruts:   0 Thi: 0.4999131 
  70 Rop: 754.03336239759 Str:   1 MRstruts:   0 Thi: 0.5000000 
  71 Rop: 754.03334762806 Str:   2 MRstruts:   0 Thi: 0.5000000 
  72 Rop: 754.03330333605 Str:   4 MRstruts:   0 Thi: 0.5000000 
  73 Rop: 754.02997410101 Str:   6 MRstruts:   0 Thi: 0.4999999 
  74 Rop: 754.02567423680 Str:  10 MRstruts:   0 Thi: 0.4999904 
  75 Rop: 754.00881292447 Str:  18 MRstruts:   0 Thi: 0.4999904 
  76 Rop: 754.00438260865 Str:  24 MRstruts:   0 Thi: 0.4999904 
  77 Rop: 753.99236696156 Str:  32 MRstruts:   0 Thi: 0.4999904 
  78 Rop: 753.98755873300 Str:  36 MRstruts:   0 Thi: 0.4999904 
  79 Rop: 753.97903308256 Str:  42 MRstruts:   0 Thi: 0.4999904 
  80 Rop: 753.96607455907 Str:  46 MRstruts:   0 Thi: 0.4999903 
  81 Rop: 753.91954747343 Str:  59 MRstruts:   0 Thi: 0.4996030 
  82 Rop: 753.91956586066 Str:   2 MRstruts:   0 Thi: 0.5000000 
  83 Rop: 753.91676632718 Str:   3 MRstruts:   0 Thi: 0.5000000 
  84 Rop: 753.91673151117 Str:   4 MRstruts:   0 Thi: 0.5000000 
  85 Rop: 753.89224670197 Str:   4 MRstruts:   0 Thi: 0.5000000 
  86 Rop: 753.89220394847 Str:   6 MRstruts:   0 Thi: 0.5000000 
  87 Rop: 753.78841367002 Str:   8 MRstruts:   0 Thi: 0.4999993 
  88 Rop: 753.78378681634 Str:  10 MRstruts:   0 Thi: 0.4999993 
  89 Rop: 753.77386122320 Str:  12 MRstruts:   0 Thi: 0.4999993 
  90 Rop: 753.75601107354 Str:  14 MRstruts:   0 Thi: 0.4999993 
  91 Rop: 753.74647249561 Str:  16 MRstruts:   0 Thi: 0.4999993 
  92 Rop: 753.74504375518 Str:  18 MRstruts:   0 Thi: 0.4999993 
  93 Rop: 753.74097599405 Str:  20 MRstruts:   0 Thi: 0.4999993 
  94 Rop: 753.73603696324 Str:  22 MRstruts:   0 Thi: 0.4999993 
  95 Rop: 753.73035547439 Str:  24 MRstruts:   0 Thi: 0.4999993 
  96 Rop: 753.71066526769 Str:  26 MRstruts:   0 Thi: 0.4999992 
  97 Rop: 753.70785771104 Str:  28 MRstruts:   0 Thi: 0.4999992 
  98 Rop: 753.68214835394 Str:  32 MRstruts:   0 Thi: 0.4999992 
  99 Rop: 753.68047982341 Str:  34 MRstruts:   0 Thi: 0.4999992 
 100 Rop: 753.67866159699 Str:  36 MRstruts:   0 Thi: 0.4999992 
 101 Rop: 753.65250893750 Str:  38 MRstruts:   0 Thi: 0.4999991 
 102 Rop: 753.64970420100 Str:  40 MRstruts:   0 Thi: 0.4999991 
 103 Rop: 753.61391672704 Str:  42 MRstruts:   0 Thi: 0.4999989 
 104 Rop: 753.61030954269 Str:  44 MRstruts:   0 Thi: 0.4999989 
 105 Rop: 753.60633501916 Str:  46 MRstruts:   0 Thi: 0.4999989 
 106 Rop: 753.50044325658 Str:  52 MRstruts:   0 Thi: 0.4999724 
 107 Rop: 753.08013089606 Str:  73 MRstruts:   0 Thi: 0.4992779 
 108 Rop: 753.08013785917 Str:   2 MRstruts:   0 Thi: 0.5000000 
 109 Rop: 753.08003985835 Str:   4 MRstruts:   0 Thi: 0.5000000 
 110 Rop: 753.05346779133 Str:   4 MRstruts:   0 Thi: 0.5000000 
 111 Rop: 753.05342248470 Str:   6 MRstruts:   0 Thi: 0.5000000 
 112 Rop: 752.93230495381 Str:   8 MRstruts:   0 Thi: 0.4999993 
 113 Rop: 752.84120532175 Str:  10 MRstruts:   0 Thi: 0.4999986 
 114 Rop: 752.81931621556 Str:  12 MRstruts:   0 Thi: 0.4999985 
 115 Rop: 752.79046409096 Str:  14 MRstruts:   0 Thi: 0.4999985 
 116 Rop: 752.78247847154 Str:  16 MRstruts:   0 Thi: 0.4999985 
 117 Rop: 752.75828743119 Str:  18 MRstruts:   0 Thi: 0.4999985 
 118 Rop: 752.75327189425 Str:  20 MRstruts:   0 Thi: 0.4999985 
 119 Rop: 752.74160924446 Str:  22 MRstruts:   0 Thi: 0.4999985 
 120 Rop: 752.73236881202 Str:  26 MRstruts:   0 Thi: 0.4999985 
 121 Rop: 752.71798997918 Str:  28 MRstruts:   0 Thi: 0.4999985 
 122 Rop: 752.70324880418 Str:  30 MRstruts:   0 Thi: 0.4999984 
 123 Rop: 752.66643197891 Str:  32 MRstruts:   0 Thi: 0.4999984 
 124 Rop: 752.64199195005 Str:  34 MRstruts:   0 Thi: 0.4999983 
 125 Rop: 752.63793780401 Str:  36 MRstruts:   0 Thi: 0.4999983 
 126 Rop: 752.62752508639 Str:  38 MRstruts:   0 Thi: 0.4999983 
 127 Rop: 752.62253107815 Str:  40 MRstruts:   0 Thi: 0.4999982 
 128 Rop: 752.59706077110 Str:  42 MRstruts:   0 Thi: 0.4999981 
 129 Rop: 752.58367923766 Str:  44 MRstruts:   0 Thi: 0.4999981 
 130 Rop: 752.53886055982 Str:  46 MRstruts:   0 Thi: 0.4999981 
 131 Rop: 752.43037355239 Str:  48 MRstruts:   0 Thi: 0.4999975 
 132 Rop: 752.36831239874 Str:  54 MRstruts:   0 Thi: 0.4999955 
 133 Rop: 752.25833638826 Str:  64 MRstruts:   0 Thi: 0.4998649 
 134 Rop: 752.25835006986 Str:   2 MRstruts:   0 Thi: 0.5000000 
 135 Rop: 752.19851739233 Str:   4 MRstruts:   0 Thi: 0.4999997 
 136 Rop: 752.19757078112 Str:   6 MRstruts:   0 Thi: 0.4999997 
 137 Rop: 752.19617935333 Str:   8 MRstruts:   0 Thi: 0.4999997 
 138 Rop: 752.19513281160 Str:  10 MRstruts:   0 Thi: 0.4999997 
 139 Rop: 752.19169805893 Str:  12 MRstruts:   0 Thi: 0.4999997 
 140 Rop: 752.19135213151 Str:  14 MRstruts:   0 Thi: 0.4999997 
 141 Rop: 752.18851165838 Str:  16 MRstruts:   0 Thi: 0.4999997 
 142 Rop: 752.18699208400 Str:  18 MRstruts:   0 Thi: 0.4999997 
 143 Rop: 752.18505710551 Str:  20 MRstruts:   0 Thi: 0.4999997 
 144 Rop: 752.18020523595 Str:  22 MRstruts:   0 Thi: 0.4999997 
 145 Rop: 752.17935112902 Str:  24 MRstruts:   0 Thi: 0.4999997 
 146 Rop: 752.17797715395 Str:  26 MRstruts:   0 Thi: 0.4999997 
 147 Rop: 752.17643904511 Str:  28 MRstruts:   0 Thi: 0.4999997 
 148 Rop: 752.17561422542 Str:  30 MRstruts:   0 Thi: 0.4999997 
 149 Rop: 752.17517363237 Str:  32 MRstruts:   0 Thi: 0.4999997 
 150 Rop: 752.17039152076 Str:  34 MRstruts:   0 Thi: 0.4999997 
 151 Rop: 752.16776484730 Str:  36 MRstruts:   0 Thi: 0.4999996 
 152 Rop: 752.16677100016 Str:  38 MRstruts:   0 Thi: 0.4999996 
 153 Rop: 752.15888961749 Str:  44 MRstruts:   0 Thi: 0.4999984 
 154 Rop: 752.15483603336 Str:  48 MRstruts:   0 Thi: 0.4999982 
 155 Rop: 752.14855815449 Str:  50 MRstruts:   0 Thi: 0.4999982 
 156 Rop: 752.14624129393 Str:  54 MRstruts:   0 Thi: 0.4999982 
 157 Rop: 752.13973347524 Str:  56 MRstruts:   0 Thi: 0.4999982 
 158 Rop: 752.11836778112 Str:  60 MRstruts:   0 Thi: 0.4999980 
 159 Rop: 752.10705074091 Str:  62 MRstruts:   0 Thi: 0.4999980 
 160 Rop: 751.82415424821 Str:  76 MRstruts:   0 Thi: 0.4994407 
 161 Rop: 751.82415555277 Str:   2 MRstruts:   0 Thi: 0.5000000 
 162 Rop: 751.82291580083 Str:   4 MRstruts:   0 Thi: 0.5000000 
 163 Rop: 751.66357319623 Str:   6 MRstruts:   0 Thi: 0.4999985 
 164 Rop: 751.57961816422 Str:   8 MRstruts:   0 Thi: 0.4999985 
 165 Rop: 751.57811768552 Str:  10 MRstruts:   0 Thi: 0.4999985 
 166 Rop: 751.56884829381 Str:  16 MRstruts:   0 Thi: 0.4999985 
 167 Rop: 751.55916513808 Str:  18 MRstruts:   0 Thi: 0.4999985 
 168 Rop: 751.54662154929 Str:  20 MRstruts:   0 Thi: 0.4999984 
 169 Rop: 751.54418526940 Str:  22 MRstruts:   0 Thi: 0.4999984 
 170 Rop: 751.52449796871 Str:  24 MRstruts:   0 Thi: 0.4999983 
 171 Rop: 751.51590734860 Str:  26 MRstruts:   0 Thi: 0.4999983 
 172 Rop: 751.50735609539 Str:  28 MRstruts:   0 Thi: 0.4999982 
 173 Rop: 751.49666840888 Str:  30 MRstruts:   0 Thi: 0.4999982 
 174 Rop: 751.48697524468 Str:  32 MRstruts:   0 Thi: 0.4999982 
 175 Rop: 751.47181646274 Str:  34 MRstruts:   0 Thi: 0.4999982 
 176 Rop: 751.46553115307 Str:  36 MRstruts:   0 Thi: 0.4999982 
 177 Rop: 751.46209960971 Str:  38 MRstruts:   0 Thi: 0.4999981 
 178 Rop: 751.45992823564 Str:  40 MRstruts:   0 Thi: 0.4999981 
 179 Rop: 751.45688190123 Str:  42 MRstruts:   0 Thi: 0.4999981 
 180 Rop: 751.43968531018 Str:  44 MRstruts:   0 Thi: 0.4999981 
 181 Rop: 751.43589897709 Str:  46 MRstruts:   0 Thi: 0.4999981 
 182 Rop: 751.42944814160 Str:  48 MRstruts:   0 Thi: 0.4999981 
 183 Rop: 751.41987869141 Str:  50 MRstruts:   0 Thi: 0.4999981 
 184 Rop: 751.41772103915 Str:  52 MRstruts:   0 Thi: 0.4999981 
 185 Rop: 751.40685808069 Str:  54 MRstruts:   0 Thi: 0.4999981 
 186 Rop: 751.35119156883 Str:  58 MRstruts:   0 Thi: 0.4999885 
 187 Rop: 751.34263106508 Str:  60 MRstruts:   0 Thi: 0.4999884 
 188 Rop: 751.32461482919 Str:  62 MRstruts:   0 Thi: 0.4999883 
 189 Rop: 751.14818714460 Str:  68 MRstruts:   0 Thi: 0.4999846 
 190 Rop: 750.76370461769 Str:  98 MRstruts:   0 Thi: 0.4990171 
 191 Rop: 750.76370666532 Str:   2 MRstruts:   0 Thi: 0.5000000 
 192 Rop: 750.48982486629 Str:  10 MRstruts:   0 Thi: 0.4998956 
 193 Rop: 750.48983698312 Str:   2 MRstruts:   0 Thi: 0.5000000 
 194 Rop: 750.48963955062 Str:   4 MRstruts:   0 Thi: 0.5000000 
 195 Rop: 750.42409444699 Str:   4 MRstruts:   0 Thi: 0.4999999 
 196 Rop: 750.42395713780 Str:   6 MRstruts:   0 Thi: 0.4999999 
 197 Rop: 750.41687456988 Str:   8 MRstruts:   0 Thi: 0.4999999 
 198 Rop: 750.41416188012 Str:  10 MRstruts:   0 Thi: 0.4999999 
 199 Rop: 750.40891547187 Str:  12 MRstruts:   0 Thi: 0.4999999 
 200 Rop: 750.40176080104 Str:  14 MRstruts:   0 Thi: 0.4999999 
 201 Rop: 750.40103214469 Str:  16 MRstruts:   0 Thi: 0.4999999 
 202 Rop: 750.37825046222 Str:  18 MRstruts:   0 Thi: 0.4999999 
 203 Rop: 750.37544675324 Str:  20 MRstruts:   0 Thi: 0.4999999 
 204 Rop: 750.35539128038 Str:  21 MRstruts:   0 Thi: 0.4999999 
 205 Rop: 750.35372792520 Str:  23 MRstruts:   0 Thi: 0.4999999 
 206 Rop: 750.33894826115 Str:  24 MRstruts:   0 Thi: 0.4999999 
 207 Rop: 750.31749442218 Str:  26 MRstruts:   0 Thi: 0.4999997 
 208 Rop: 750.27653473388 Str:  28 MRstruts:   0 Thi: 0.4999995 
 209 Rop: 750.26876855262 Str:  29 MRstruts:   0 Thi: 0.4999995 
 210 Rop: 750.26123081515 Str:  30 MRstruts:   0 Thi: 0.4999995 
 211 Rop: 750.25197190145 Str:  33 MRstruts:   0 Thi: 0.4999992 
 212 Rop: 750.24913420702 Str:  36 MRstruts:   0 Thi: 0.4999992 
 213 Rop: 750.24726748712 Str:  37 MRstruts:   0 Thi: 0.4999991 
 214 Rop: 750.24415845971 Str:  39 MRstruts:   0 Thi: 0.4999991 
 215 Rop: 750.24200530278 Str:  40 MRstruts:   0 Thi: 0.4999991 
 216 Rop: 750.24035057429 Str:  41 MRstruts:   0 Thi: 0.4999991 
 217 Rop: 750.23690079779 Str:  42 MRstruts:   0 Thi: 0.4999991 
 218 Rop: 750.21586445576 Str:  48 MRstruts:   0 Thi: 0.4999929 
 219 Rop: 750.20562867124 Str:  52 MRstruts:   0 Thi: 0.4999928 
 220 Rop: 750.18550961297 Str:  54 MRstruts:   0 Thi: 0.4999928 
 221 Rop: 750.09912081713 Str:  58 MRstruts:   0 Thi: 0.4999922 
 222 Rop: 750.08782504090 Str:  60 MRstruts:   0 Thi: 0.4999921 
 223 Rop: 749.87532179444 Str:  62 MRstruts:   0 Thi: 0.4999833 
 224 Rop: 749.80572855404 Str:  65 MRstruts:   0 Thi: 0.4999674 
 225 Rop: 749.65972071289 Str:  71 MRstruts:   0 Thi: 0.4999618 
 226 Rop: 749.14623903279 Str: 101 MRstruts:   0 Thi: 0.4996387 
 227 Rop: 749.09214753522 Str:   2 MRstruts:   0 Thi: 0.4999998 
 228 Rop: 749.07316092053 Str:   3 MRstruts:   0 Thi: 0.4999997 
 229 Rop: 749.05349576665 Str:   4 MRstruts:   0 Thi: 0.4999997 
 230 Rop: 749.04075224830 Str:   5 MRstruts:   0 Thi: 0.4999997 
 231 Rop: 749.03885017801 Str:   6 MRstruts:   0 Thi: 0.4999997 
 232 Rop: 748.99796159460 Str:   7 MRstruts:   0 Thi: 0.4999995 
 233 Rop: 748.99302894002 Str:   8 MRstruts:   0 Thi: 0.4999995 
 234 Rop: 748.99234207211 Str:   9 MRstruts:   0 Thi: 0.4999995 
 235 Rop: 748.99184890528 Str:  10 MRstruts:   0 Thi: 0.4999995 
 236 Rop: 748.98943345464 Str:  11 MRstruts:   0 Thi: 0.4999994 
 237 Rop: 748.98535179462 Str:  13 MRstruts:   0 Thi: 0.4999994 
 238 Rop: 748.98307742704 Str:  14 MRstruts:   0 Thi: 0.4999994 
 239 Rop: 748.98202373895 Str:  15 MRstruts:   0 Thi: 0.4999994 
 240 Rop: 748.97668651664 Str:  16 MRstruts:   0 Thi: 0.4999994 
 241 Rop: 748.97549928611 Str:  17 MRstruts:   0 Thi: 0.4999994 
 242 Rop: 748.97130814880 Str:  19 MRstruts:   0 Thi: 0.4999994 
 243 Rop: 748.95359506385 Str:  22 MRstruts:   0 Thi: 0.4999959 
 244 Rop: 748.94658385989 Str:  25 MRstruts:   0 Thi: 0.4999959 
 245 Rop: 748.94422382622 Str:  30 MRstruts:   0 Thi: 0.4999959 
 246 Rop: 748.94195956057 Str:  32 MRstruts:   0 Thi: 0.4999959 
 247 Rop: 748.93550139946 Str:  36 MRstruts:   0 Thi: 0.4999959 
 248 Rop: 748.93183625146 Str:  39 MRstruts:   0 Thi: 0.4999959 
 249 Rop: 748.92538953464 Str:  41 MRstruts:   0 Thi: 0.4999959 
 250 Rop: 748.92069469175 Str:  46 MRstruts:   0 Thi: 0.4999959 
 251 Rop: 748.91178705102 Str:  47 MRstruts:   0 Thi: 0.4999959 
 252 Rop: 748.90728979100 Str:  51 MRstruts:   0 Thi: 0.4999959 
 253 Rop: 748.90388557767 Str:  52 MRstruts:   0 Thi: 0.4999959 
 254 Rop: 748.89472343139 Str:  55 MRstruts:   0 Thi: 0.4999958 
 255 Rop: 748.88395683878 Str:  56 MRstruts:   0 Thi: 0.4999958 
 256 Rop: 748.86874343784 Str:  57 MRstruts:   0 Thi: 0.4999958 
 257 Rop: 748.85669686189 Str:  61 MRstruts:   0 Thi: 0.4999855 
 258 Rop: 748.84715721183 Str:  62 MRstruts:   0 Thi: 0.4999855 
 259 Rop: 748.82234249423 Str:  66 MRstruts:   0 Thi: 0.4999853 
 260 Rop: 748.78874248236 Str:  69 MRstruts:   0 Thi: 0.4999810 
 261 Rop: 748.45933898196 Str: 109 MRstruts:   0 Thi: 0.4977223 
 262 Rop: 748.45658605833 Str:   3 MRstruts:   0 Thi: 0.4999940 
 263 Rop: 747.92161621618 Str:   4 MRstruts:   0 Thi: 0.4999642 
 264 Rop: 747.64625976846 Str:   5 MRstruts:   0 Thi: 0.4999574 
 265 Rop: 747.59280201164 Str:   7 MRstruts:   0 Thi: 0.4999570 
 266 Rop: 747.52885561409 Str:   8 MRstruts:   0 Thi: 0.4999569 
 267 Rop: 747.48181836953 Str:  11 MRstruts:   0 Thi: 0.4999568 
 268 Rop: 747.45617881954 Str:  15 MRstruts:   0 Thi: 0.4999568 
 269 Rop: 747.39948692063 Str:  20 MRstruts:   0 Thi: 0.4999563 
 270 Rop: 747.32207814271 Str:  26 MRstruts:   0 Thi: 0.4999552 
 271 Rop: 747.28244583948 Str:  28 MRstruts:   0 Thi: 0.4999549 
 272 Rop: 747.21614223222 Str:  33 MRstruts:   0 Thi: 0.4999545 
 273 Rop: 747.15838346513 Str:  35 MRstruts:   0 Thi: 0.4999540 
 274 Rop: 747.13072156094 Str:  39 MRstruts:   0 Thi: 0.4999539 
 275 Rop: 747.09984902888 Str:  44 MRstruts:   0 Thi: 0.4999537 
 276 Rop: 747.03452172829 Str:  46 MRstruts:   0 Thi: 0.4999525 
 277 Rop: 746.89457085413 Str:  51 MRstruts:   0 Thi: 0.4999471 
 278 Rop: 746.89458649019 Str:   1 MRstruts:   0 Thi: 0.5000000 
 279 Rop: 746.89425503998 Str:   2 MRstruts:   0 Thi: 0.5000000 
 280 Rop: 746.89124060771 Str:   4 MRstruts:   0 Thi: 0.5000000 
 281 Rop: 746.89114153424 Str:   5 MRstruts:   0 Thi: 0.5000000 
 282 Rop: 746.89089701792 Str:   6 MRstruts:   0 Thi: 0.5000000 
 283 Rop: 746.89073627587 Str:   7 MRstruts:   0 Thi: 0.5000000 
 284 Rop: 746.89039432712 Str:   8 MRstruts:   0 Thi: 0.5000000 
 285 Rop: 746.89014288190 Str:   9 MRstruts:   0 Thi: 0.5000000 
 286 Rop: 746.88995182480 Str:  10 MRstruts:   0 Thi: 0.5000000 
 287 Rop: 746.88965149411 Str:  11 MRstruts:   0 Thi: 0.5000000 
 288 Rop: 746.88953916040 Str:  13 MRstruts:   0 Thi: 0.5000000 
 289 Rop: 746.88942498807 Str:  14 MRstruts:   0 Thi: 0.5000000 
 290 Rop: 746.88935875707 Str:  15 MRstruts:   0 Thi: 0.5000000 
 291 Rop: 746.88857360748 Str:  16 MRstruts:   0 Thi: 0.5000000 
 292 Rop: 746.88819273667 Str:  17 MRstruts:   0 Thi: 0.5000000 
 293 Rop: 746.88700333048 Str:  18 MRstruts:   0 Thi: 0.5000000 
 294 Rop: 746.88598188001 Str:  19 MRstruts:   0 Thi: 0.5000000 
 295 Rop: 746.88550696316 Str:  20 MRstruts:   0 Thi: 0.5000000 
 296 Rop: 746.88370665113 Str:  21 MRstruts:   0 Thi: 0.5000000 
 297 Rop: 746.88314159594 Str:  22 MRstruts:   0 Thi: 0.5000000 
 298 Rop: 746.88221619373 Str:  23 MRstruts:   0 Thi: 0.5000000 
 299 Rop: 746.88095267622 Str:  24 MRstruts:   0 Thi: 0.4999999 
 300 Rop: 746.87933381316 Str:  25 MRstruts:   0 Thi: 0.4999999 
ridgerunner: run complete. Terminated because 
ridgerunner: reached maximum number of steps (300).
ridgerunner: Run complete.
