Ridgerunner 2.3.1
Built Sep 13 2026, 00:43:43.
plCurve Version: 10.1.0
Octrope Version: 10.1.0
tsnnls Version: 2.5.1
Seeded from dev/random with seed 1808121910.
Loaded 12 component, 576 vertex plCurve from seed1729.vect.
Saved copy of seed1729.vect to ./seed1729.rr/seed1729.vect.
Curve has thickness 0.486916. Scaling to thickness 0.501.
Scaled curve has thickness 0.501.
 Autoscale selftest ok.
Rerez'd, autoscaled, eq'd file written to ./seed1729.rr/seed1729.atstart.vect.
Overstep tolerance: 0.000100 of thickness 0.500000 (0.499950) minminrad: 0.49997500
ridgerunner: Curses screen display disabled, using stdout.
             Define CURSES_DISPLAY to enable better screen display.
ridgerunner: Starting run. Will stop if 
               step number >= 300 
               residual < 0 
               ropelength decrease over last 20 steps < -1000.

   1 Rop: 727.51534683776 Str:   0 MRstruts:   0 Thi: 0.5000027 
   2 Rop: 727.51832782883 Str:   0 MRstruts:   0 Thi: 0.5000000 
   3 Rop: 727.51840282517 Str:   1 MRstruts:   0 Thi: 0.4999999 
   4 Rop: 727.46068263654 Str:   1 MRstruts:   0 Thi: 0.4999999 
   5 Rop: 727.46056167518 Str:   2 MRstruts:   0 Thi: 0.4999999 
   6 Rop: 725.71781720414 Str:   3 MRstruts:   0 Thi: 0.4999539 
   7 Rop: 725.22493641823 Str:   4 MRstruts:   0 Thi: 0.4999441 
   8 Rop: 725.22451540624 Str:   1 MRstruts:   0 Thi: 0.5000000 
   9 Rop: 725.22458112148 Str:   2 MRstruts:   0 Thi: 0.4999999 
  10 Rop: 725.21518572164 Str:   3 MRstruts:   0 Thi: 0.4999999 
  11 Rop: 725.21458106525 Str:   4 MRstruts:   0 Thi: 0.4999999 
  12 Rop: 722.33418274479 Str:   6 MRstruts:   0 Thi: 0.4995958 
  13 Rop: 722.33033536920 Str:   2 MRstruts:   0 Thi: 0.5000000 
  14 Rop: 722.31618298964 Str:   3 MRstruts:   0 Thi: 0.4999999 
  15 Rop: 722.29777688223 Str:   3 MRstruts:   0 Thi: 0.4999999 
  16 Rop: 722.29771780491 Str:   4 MRstruts:   0 Thi: 0.4999999 
  17 Rop: 722.22293496099 Str:   5 MRstruts:   0 Thi: 0.4999987 
  18 Rop: 721.69307525477 Str:   6 MRstruts:   0 Thi: 0.4992664 
  19 Rop: 721.50169707034 Str:   1 MRstruts:   0 Thi: 0.4999997 
  20 Rop: 721.50071713639 Str:   2 MRstruts:   0 Thi: 0.4999997 
  21 Rop: 721.49478654455 Str:   3 MRstruts:   0 Thi: 0.4999997 
  22 Rop: 721.47513711825 Str:   4 MRstruts:   0 Thi: 0.4999997 
  23 Rop: 721.36563661191 Str:   5 MRstruts:   0 Thi: 0.4999991 
  24 Rop: 721.19700065105 Str:   6 MRstruts:   0 Thi: 0.4999980 
  25 Rop: 719.28377528008 Str:   8 MRstruts:   0 Thi: 0.4999760 
  26 Rop: 718.94505266556 Str:   9 MRstruts:   0 Thi: 0.4999755 
  27 Rop: 718.18244079084 Str:  11 MRstruts:   0 Thi: 0.4999554 
  28 Rop: 717.62533905460 Str:  14 MRstruts:   0 Thi: 0.4990800 
  29 Rop: 717.39916896564 Str:   1 MRstruts:   0 Thi: 0.4999992 
  30 Rop: 717.39840084718 Str:   2 MRstruts:   0 Thi: 0.4999992 
  31 Rop: 717.36357169029 Str:   2 MRstruts:   0 Thi: 0.4999991 
  32 Rop: 717.36330985952 Str:   3 MRstruts:   0 Thi: 0.4999991 
  33 Rop: 717.36273932068 Str:   4 MRstruts:   0 Thi: 0.4999991 
  34 Rop: 717.30894861926 Str:   5 MRstruts:   0 Thi: 0.4999989 
  35 Rop: 717.30172265955 Str:   6 MRstruts:   0 Thi: 0.4999989 
  36 Rop: 717.28117646708 Str:  10 MRstruts:   0 Thi: 0.4999989 
  37 Rop: 717.23493024586 Str:  11 MRstruts:   0 Thi: 0.4999988 
  38 Rop: 717.19578303929 Str:  13 MRstruts:   0 Thi: 0.4999983 
  39 Rop: 717.05964339105 Str:  14 MRstruts:   0 Thi: 0.4999963 
  40 Rop: 716.08711830186 Str:  16 MRstruts:   0 Thi: 0.4999817 
  41 Rop: 715.04084377825 Str:  18 MRstruts:   0 Thi: 0.4999461 
  42 Rop: 715.04088396994 Str:   2 MRstruts:   0 Thi: 0.5000000 
  43 Rop: 715.03400997454 Str:   4 MRstruts:   0 Thi: 0.5000000 
  44 Rop: 715.02935041375 Str:   5 MRstruts:   0 Thi: 0.4999999 
  45 Rop: 715.02880424998 Str:   6 MRstruts:   0 Thi: 0.4999999 
  46 Rop: 715.02799065756 Str:   8 MRstruts:   0 Thi: 0.4999999 
  47 Rop: 715.02793911454 Str:   9 MRstruts:   0 Thi: 0.4999999 
  48 Rop: 715.02728512267 Str:  10 MRstruts:   0 Thi: 0.4999999 
  49 Rop: 715.02623819228 Str:  11 MRstruts:   0 Thi: 0.4999999 
  50 Rop: 715.02580388810 Str:  12 MRstruts:   0 Thi: 0.4999999 
  51 Rop: 715.02554914248 Str:  14 MRstruts:   0 Thi: 0.4999999 
  52 Rop: 715.02432928274 Str:  15 MRstruts:   0 Thi: 0.4999999 
  53 Rop: 715.02070554236 Str:  16 MRstruts:   0 Thi: 0.4999999 
  54 Rop: 715.01935256577 Str:  18 MRstruts:   0 Thi: 0.4999999 
  55 Rop: 714.98011089608 Str:  20 MRstruts:   0 Thi: 0.4999995 
  56 Rop: 714.18977945148 Str:  24 MRstruts:   0 Thi: 0.4998284 
  57 Rop: 714.18677416683 Str:   4 MRstruts:   0 Thi: 0.4999973 
  58 Rop: 714.14953833263 Str:   6 MRstruts:   0 Thi: 0.4999973 
  59 Rop: 714.14349518447 Str:   7 MRstruts:   0 Thi: 0.4999973 
  60 Rop: 714.14224742135 Str:   9 MRstruts:   0 Thi: 0.4999973 
  61 Rop: 714.13989417365 Str:  11 MRstruts:   0 Thi: 0.4999973 
  62 Rop: 714.13842835378 Str:  12 MRstruts:   0 Thi: 0.4999973 
  63 Rop: 714.12999549162 Str:  13 MRstruts:   0 Thi: 0.4999972 
  64 Rop: 714.12629187529 Str:  14 MRstruts:   0 Thi: 0.4999972 
  65 Rop: 714.12252858262 Str:  16 MRstruts:   0 Thi: 0.4999972 
  66 Rop: 714.11239893217 Str:  18 MRstruts:   0 Thi: 0.4999972 
  67 Rop: 714.10034653692 Str:  20 MRstruts:   0 Thi: 0.4999972 
  68 Rop: 714.08547858226 Str:  22 MRstruts:   0 Thi: 0.4999971 
  69 Rop: 714.08066431776 Str:  23 MRstruts:   0 Thi: 0.4999971 
  70 Rop: 713.64642649884 Str:  26 MRstruts:   0 Thi: 0.4996641 
  71 Rop: 713.64647632168 Str:   1 MRstruts:   0 Thi: 0.4999999 
  72 Rop: 713.56565852108 Str:   2 MRstruts:   0 Thi: 0.4999992 
  73 Rop: 713.56333209735 Str:   3 MRstruts:   0 Thi: 0.4999992 
  74 Rop: 713.56101716163 Str:   4 MRstruts:   0 Thi: 0.4999992 
  75 Rop: 713.54828753452 Str:   5 MRstruts:   0 Thi: 0.4999992 
  76 Rop: 713.54769469947 Str:   6 MRstruts:   0 Thi: 0.4999992 
  77 Rop: 713.54159511598 Str:   7 MRstruts:   0 Thi: 0.4999991 
  78 Rop: 713.53553340413 Str:   8 MRstruts:   0 Thi: 0.4999991 
  79 Rop: 713.52789414520 Str:   9 MRstruts:   0 Thi: 0.4999991 
  80 Rop: 713.50785302093 Str:  10 MRstruts:   0 Thi: 0.4999991 
  81 Rop: 713.50625931496 Str:  11 MRstruts:   0 Thi: 0.4999991 
  82 Rop: 713.47662556217 Str:  13 MRstruts:   0 Thi: 0.4999991 
  83 Rop: 713.47572377784 Str:  15 MRstruts:   0 Thi: 0.4999991 
  84 Rop: 713.46402530206 Str:  17 MRstruts:   0 Thi: 0.4999991 
  85 Rop: 713.44925182096 Str:  18 MRstruts:   0 Thi: 0.4999991 
  86 Rop: 713.44756915564 Str:  21 MRstruts:   0 Thi: 0.4999991 
  87 Rop: 713.42599593484 Str:  23 MRstruts:   0 Thi: 0.4999991 
  88 Rop: 713.42237839424 Str:  24 MRstruts:   0 Thi: 0.4999991 
  89 Rop: 713.28728227898 Str:  27 MRstruts:   0 Thi: 0.4997095 
  90 Rop: 713.28679983402 Str:   1 MRstruts:   0 Thi: 0.5000000 
  91 Rop: 713.28681665692 Str:   3 MRstruts:   0 Thi: 0.5000000 
  92 Rop: 713.21322307488 Str:   3 MRstruts:   0 Thi: 0.4999999 
  93 Rop: 713.21317270973 Str:   4 MRstruts:   0 Thi: 0.4999999 
  94 Rop: 713.21219582089 Str:   5 MRstruts:   0 Thi: 0.4999999 
  95 Rop: 713.20601966318 Str:   6 MRstruts:   0 Thi: 0.4999999 
  96 Rop: 713.20206491897 Str:   7 MRstruts:   0 Thi: 0.4999999 
  97 Rop: 713.18648092563 Str:   8 MRstruts:   0 Thi: 0.4999999 
  98 Rop: 713.17926803245 Str:   9 MRstruts:   0 Thi: 0.4999998 
  99 Rop: 713.16570671402 Str:  10 MRstruts:   0 Thi: 0.4999998 
 100 Rop: 713.16529099647 Str:  11 MRstruts:   0 Thi: 0.4999998 
 101 Rop: 713.14116571480 Str:  13 MRstruts:   0 Thi: 0.4999998 
 102 Rop: 713.13823839795 Str:  15 MRstruts:   0 Thi: 0.4999998 
 103 Rop: 713.12780879057 Str:  17 MRstruts:   0 Thi: 0.4999997 
 104 Rop: 713.10183330661 Str:  17 MRstruts:   0 Thi: 0.4999997 
 105 Rop: 713.10157083465 Str:  19 MRstruts:   0 Thi: 0.4999997 
 106 Rop: 713.08155141513 Str:  21 MRstruts:   0 Thi: 0.4999997 
 107 Rop: 713.07482422960 Str:  23 MRstruts:   0 Thi: 0.4999694 
 108 Rop: 712.85563338138 Str:  31 MRstruts:   0 Thi: 0.4997458 
 109 Rop: 712.85549789735 Str:   0 MRstruts:   0 Thi: 0.5000000 
 110 Rop: 712.85558009348 Str:   1 MRstruts:   0 Thi: 0.4999999 
 111 Rop: 712.85551144702 Str:   2 MRstruts:   0 Thi: 0.4999999 
 112 Rop: 712.82580148175 Str:   2 MRstruts:   0 Thi: 0.4999999 
 113 Rop: 712.82571490043 Str:   3 MRstruts:   0 Thi: 0.4999999 
 114 Rop: 712.79112737973 Str:   5 MRstruts:   0 Thi: 0.4999994 
 115 Rop: 712.79015656515 Str:   6 MRstruts:   0 Thi: 0.4999994 
 116 Rop: 712.78535897258 Str:   7 MRstruts:   0 Thi: 0.4999994 
 117 Rop: 712.77395511376 Str:   8 MRstruts:   0 Thi: 0.4999994 
 118 Rop: 712.76984796447 Str:   9 MRstruts:   0 Thi: 0.4999994 
 119 Rop: 712.76301346319 Str:  11 MRstruts:   0 Thi: 0.4999994 
 120 Rop: 712.74921572258 Str:  13 MRstruts:   0 Thi: 0.4999994 
 121 Rop: 712.73834414326 Str:  14 MRstruts:   0 Thi: 0.4999993 
 122 Rop: 712.73078690278 Str:  16 MRstruts:   0 Thi: 0.4999993 
 123 Rop: 712.72581653627 Str:  18 MRstruts:   0 Thi: 0.4999993 
 124 Rop: 712.69460616786 Str:  20 MRstruts:   0 Thi: 0.4999992 
 125 Rop: 712.67854516524 Str:  22 MRstruts:   0 Thi: 0.4999992 
 126 Rop: 712.65475227271 Str:  25 MRstruts:   0 Thi: 0.4999991 
 127 Rop: 712.65136345888 Str:  27 MRstruts:   0 Thi: 0.4999991 
 128 Rop: 712.62100060604 Str:  29 MRstruts:   0 Thi: 0.4999991 
 129 Rop: 712.29720801209 Str:  34 MRstruts:   0 Thi: 0.4997285 
 130 Rop: 712.27793981501 Str:   6 MRstruts:   0 Thi: 0.4999570 
 131 Rop: 712.25132135589 Str:   7 MRstruts:   0 Thi: 0.4999570 
 132 Rop: 712.22592026337 Str:  13 MRstruts:   0 Thi: 0.4999569 
 133 Rop: 712.19629930328 Str:  20 MRstruts:   0 Thi: 0.4999569 
 134 Rop: 712.16263797338 Str:  23 MRstruts:   0 Thi: 0.4999568 
 135 Rop: 712.14031927185 Str:  28 MRstruts:   0 Thi: 0.4999568 
 136 Rop: 712.10575293027 Str:  30 MRstruts:   0 Thi: 0.4999567 
 137 Rop: 712.03166675046 Str:  33 MRstruts:   0 Thi: 0.4999550 
 138 Rop: 711.48386910530 Str:  37 MRstruts:   0 Thi: 0.4996672 
 139 Rop: 711.40540021421 Str:   0 MRstruts:   0 Thi: 0.5000021 
 140 Rop: 711.40782760144 Str:   0 MRstruts:   0 Thi: 0.5000000 
 141 Rop: 711.40792686264 Str:   1 MRstruts:   0 Thi: 0.4999999 
 142 Rop: 711.40725546980 Str:   2 MRstruts:   0 Thi: 0.4999999 
 143 Rop: 711.39755556110 Str:   3 MRstruts:   0 Thi: 0.4999999 
 144 Rop: 711.39691946182 Str:   4 MRstruts:   0 Thi: 0.4999999 
 145 Rop: 711.39449295981 Str:   5 MRstruts:   0 Thi: 0.4999999 
 146 Rop: 711.39022145488 Str:   6 MRstruts:   0 Thi: 0.4999999 
 147 Rop: 711.38499083344 Str:   7 MRstruts:   0 Thi: 0.4999998 
 148 Rop: 711.38474992764 Str:   8 MRstruts:   0 Thi: 0.4999998 
 149 Rop: 711.36571991840 Str:   9 MRstruts:   0 Thi: 0.4999998 
 150 Rop: 711.36090341151 Str:  11 MRstruts:   0 Thi: 0.4999998 
 151 Rop: 711.34852950475 Str:  13 MRstruts:   0 Thi: 0.4999998 
 152 Rop: 711.34780063121 Str:  21 MRstruts:   0 Thi: 0.4999837 
 153 Rop: 711.32702215034 Str:  24 MRstruts:   0 Thi: 0.4999836 
 154 Rop: 711.29735500421 Str:  30 MRstruts:   0 Thi: 0.4999836 
 155 Rop: 711.24607247014 Str:  32 MRstruts:   0 Thi: 0.4999836 
 156 Rop: 711.21965083832 Str:  33 MRstruts:   0 Thi: 0.4999835 
 157 Rop: 710.76920519275 Str:  40 MRstruts:   0 Thi: 0.4999521 
 158 Rop: 710.35611944695 Str:  49 MRstruts:   0 Thi: 0.4990407 
 159 Rop: 710.23387429574 Str:   3 MRstruts:   0 Thi: 0.4999990 
 160 Rop: 710.14716071224 Str:   5 MRstruts:   0 Thi: 0.4999985 
 161 Rop: 710.10881896943 Str:   6 MRstruts:   0 Thi: 0.4999985 
 162 Rop: 710.10697641912 Str:   7 MRstruts:   0 Thi: 0.4999985 
 163 Rop: 710.10434845937 Str:   8 MRstruts:   0 Thi: 0.4999985 
 164 Rop: 710.09797526096 Str:   9 MRstruts:   0 Thi: 0.4999985 
 165 Rop: 710.06927333361 Str:  10 MRstruts:   0 Thi: 0.4999985 
 166 Rop: 710.05986425973 Str:  11 MRstruts:   0 Thi: 0.4999985 
 167 Rop: 710.05389469392 Str:  12 MRstruts:   0 Thi: 0.4999985 
 168 Rop: 710.02512722509 Str:  13 MRstruts:   0 Thi: 0.4999985 
 169 Rop: 710.00404372667 Str:  14 MRstruts:   0 Thi: 0.4999983 
 170 Rop: 709.98082103412 Str:  16 MRstruts:   0 Thi: 0.4999983 
 171 Rop: 709.97540076738 Str:  18 MRstruts:   0 Thi: 0.4999983 
 172 Rop: 709.92836047638 Str:  19 MRstruts:   0 Thi: 0.4999980 
 173 Rop: 709.86843231450 Str:  20 MRstruts:   0 Thi: 0.4999977 
 174 Rop: 709.86421043886 Str:  22 MRstruts:   0 Thi: 0.4999977 
 175 Rop: 709.83620217806 Str:  24 MRstruts:   0 Thi: 0.4999973 
 176 Rop: 709.81467608779 Str:  26 MRstruts:   0 Thi: 0.4999966 
 177 Rop: 709.79210478663 Str:  28 MRstruts:   0 Thi: 0.4999960 
 178 Rop: 709.76027897883 Str:  29 MRstruts:   0 Thi: 0.4999943 
 179 Rop: 709.73131446373 Str:  33 MRstruts:   0 Thi: 0.4999935 
 180 Rop: 709.69096008834 Str:  35 MRstruts:   0 Thi: 0.4999918 
 181 Rop: 709.66947635113 Str:  37 MRstruts:   0 Thi: 0.4999913 
 182 Rop: 709.65060573340 Str:  38 MRstruts:   0 Thi: 0.4999910 
 183 Rop: 709.63512414706 Str:  40 MRstruts:   0 Thi: 0.4999908 
 184 Rop: 709.60780035140 Str:  41 MRstruts:   0 Thi: 0.4999902 
 185 Rop: 709.59393631416 Str:  45 MRstruts:   0 Thi: 0.4999900 
 186 Rop: 709.53382216510 Str:  46 MRstruts:   0 Thi: 0.4999872 
 187 Rop: 709.49605421510 Str:  49 MRstruts:   0 Thi: 0.4999864 
 188 Rop: 709.20036866521 Str:  51 MRstruts:   0 Thi: 0.4999698 
 189 Rop: 709.03022564109 Str:  53 MRstruts:   0 Thi: 0.4999689 
 190 Rop: 708.86280715127 Str:  55 MRstruts:   0 Thi: 0.4999680 
 191 Rop: 707.50922812170 Str:  63 MRstruts:   0 Thi: 0.4996025 
 192 Rop: 707.50914887530 Str:   2 MRstruts:   0 Thi: 0.5000000 
 193 Rop: 707.50059611197 Str:   2 MRstruts:   0 Thi: 0.5000000 
 194 Rop: 707.50055929294 Str:   4 MRstruts:   0 Thi: 0.5000000 
 195 Rop: 707.40567984614 Str:   5 MRstruts:   0 Thi: 0.4999996 
 196 Rop: 707.40428692850 Str:   6 MRstruts:   0 Thi: 0.4999996 
 197 Rop: 707.40263847880 Str:   7 MRstruts:   0 Thi: 0.4999996 
 198 Rop: 707.39525219976 Str:   8 MRstruts:   0 Thi: 0.4999996 
 199 Rop: 707.38907646035 Str:  10 MRstruts:   0 Thi: 0.4999996 
 200 Rop: 707.38603168362 Str:  11 MRstruts:   0 Thi: 0.4999996 
 201 Rop: 707.38190057165 Str:  12 MRstruts:   0 Thi: 0.4999996 
 202 Rop: 707.37770760753 Str:  13 MRstruts:   0 Thi: 0.4999996 
 203 Rop: 707.36452025080 Str:  14 MRstruts:   0 Thi: 0.4999996 
 204 Rop: 707.33797573472 Str:  16 MRstruts:   0 Thi: 0.4999995 
 205 Rop: 707.33393327824 Str:  17 MRstruts:   0 Thi: 0.4999995 
 206 Rop: 707.32936690864 Str:  19 MRstruts:   0 Thi: 0.4999995 
 207 Rop: 707.32752460084 Str:  20 MRstruts:   0 Thi: 0.4999995 
 208 Rop: 707.32527802180 Str:  21 MRstruts:   0 Thi: 0.4999995 
 209 Rop: 707.30292416166 Str:  23 MRstruts:   0 Thi: 0.4999994 
 210 Rop: 707.29499240722 Str:  25 MRstruts:   0 Thi: 0.4999994 
 211 Rop: 707.29354167713 Str:  27 MRstruts:   0 Thi: 0.4999994 
 212 Rop: 707.28467057413 Str:  29 MRstruts:   0 Thi: 0.4999994 
 213 Rop: 707.28116577363 Str:  31 MRstruts:   0 Thi: 0.4999994 
 214 Rop: 707.27438831135 Str:  33 MRstruts:   0 Thi: 0.4999994 
 215 Rop: 707.25627049113 Str:  34 MRstruts:   0 Thi: 0.4999993 
 216 Rop: 707.25533803425 Str:  36 MRstruts:   0 Thi: 0.4999993 
 217 Rop: 707.24818045948 Str:  44 MRstruts:   0 Thi: 0.4999883 
 218 Rop: 707.22741044609 Str:  46 MRstruts:   0 Thi: 0.4999881 
 219 Rop: 707.21831107411 Str:  49 MRstruts:   0 Thi: 0.4999880 
 220 Rop: 707.19223752639 Str:  53 MRstruts:   0 Thi: 0.4999880 
 221 Rop: 707.16628805723 Str:  54 MRstruts:   0 Thi: 0.4999878 
 222 Rop: 705.18414391456 Str:  63 MRstruts:   0 Thi: 0.4989897 
 223 Rop: 704.95745970090 Str:   1 MRstruts:   0 Thi: 0.4999998 
 224 Rop: 704.95678755881 Str:   2 MRstruts:   0 Thi: 0.4999998 
 225 Rop: 704.91169692708 Str:   3 MRstruts:   0 Thi: 0.4999996 
 226 Rop: 704.90930227686 Str:   4 MRstruts:   0 Thi: 0.4999996 
 227 Rop: 704.90561627644 Str:   5 MRstruts:   0 Thi: 0.4999996 
 228 Rop: 704.89167441874 Str:   6 MRstruts:   0 Thi: 0.4999995 
 229 Rop: 704.86821836301 Str:   7 MRstruts:   0 Thi: 0.4999995 
 230 Rop: 704.86777668432 Str:   8 MRstruts:   0 Thi: 0.4999995 
 231 Rop: 704.86650336667 Str:  10 MRstruts:   0 Thi: 0.4999995 
 232 Rop: 704.85186254255 Str:  11 MRstruts:   0 Thi: 0.4999995 
 233 Rop: 704.85033536534 Str:  12 MRstruts:   0 Thi: 0.4999995 
 234 Rop: 704.82540618890 Str:  13 MRstruts:   0 Thi: 0.4999994 
 235 Rop: 704.82099052343 Str:  15 MRstruts:   0 Thi: 0.4999994 
 236 Rop: 704.78946437643 Str:  16 MRstruts:   0 Thi: 0.4999994 
 237 Rop: 704.77602588994 Str:  18 MRstruts:   0 Thi: 0.4999993 
 238 Rop: 704.76222266351 Str:  19 MRstruts:   0 Thi: 0.4999992 
 239 Rop: 704.73832538996 Str:  21 MRstruts:   0 Thi: 0.4999992 
 240 Rop: 704.72624201937 Str:  23 MRstruts:   0 Thi: 0.4999992 
 241 Rop: 704.70963891637 Str:  25 MRstruts:   0 Thi: 0.4999992 
 242 Rop: 704.70176010354 Str:  27 MRstruts:   0 Thi: 0.4999992 
 243 Rop: 704.66733057929 Str:  29 MRstruts:   0 Thi: 0.4999991 
 244 Rop: 704.65512368362 Str:  31 MRstruts:   0 Thi: 0.4999991 
 245 Rop: 704.65284388308 Str:  32 MRstruts:   0 Thi: 0.4999991 
 246 Rop: 704.57516648536 Str:  33 MRstruts:   0 Thi: 0.4999989 
 247 Rop: 704.57372153720 Str:  35 MRstruts:   0 Thi: 0.4999989 
 248 Rop: 704.55535969593 Str:  39 MRstruts:   0 Thi: 0.4999856 
 249 Rop: 704.51033109889 Str:  43 MRstruts:   0 Thi: 0.4999856 
 250 Rop: 704.49592322789 Str:  45 MRstruts:   0 Thi: 0.4999856 
 251 Rop: 704.47578801222 Str:  46 MRstruts:   0 Thi: 0.4999856 
 252 Rop: 704.45472163822 Str:  51 MRstruts:   0 Thi: 0.4999855 
 253 Rop: 704.44336351821 Str:  52 MRstruts:   0 Thi: 0.4999855 
 254 Rop: 704.40960646529 Str:  56 MRstruts:   0 Thi: 0.4999854 
 255 Rop: 704.39776141823 Str:  57 MRstruts:   0 Thi: 0.4999853 
 256 Rop: 704.30568873121 Str:  64 MRstruts:   0 Thi: 0.4998266 
 257 Rop: 704.26524702280 Str:   4 MRstruts:   0 Thi: 0.4999943 
 258 Rop: 704.26186495199 Str:   5 MRstruts:   0 Thi: 0.4999943 
 259 Rop: 704.25790176658 Str:   9 MRstruts:   0 Thi: 0.4999943 
 260 Rop: 704.25317080193 Str:  13 MRstruts:   0 Thi: 0.4999943 
 261 Rop: 704.24326425370 Str:  14 MRstruts:   0 Thi: 0.4999943 
 262 Rop: 704.23483769218 Str:  20 MRstruts:   0 Thi: 0.4999943 
 263 Rop: 704.22241763222 Str:  22 MRstruts:   0 Thi: 0.4999942 
 264 Rop: 704.21762660843 Str:  24 MRstruts:   0 Thi: 0.4999942 
 265 Rop: 704.20788619808 Str:  33 MRstruts:   0 Thi: 0.4999942 
 266 Rop: 704.20141214296 Str:  35 MRstruts:   0 Thi: 0.4999941 
 267 Rop: 704.19594351574 Str:  37 MRstruts:   0 Thi: 0.4999941 
 268 Rop: 704.19126530577 Str:  44 MRstruts:   0 Thi: 0.4999941 
 269 Rop: 704.18357382829 Str:  46 MRstruts:   0 Thi: 0.4999941 
 270 Rop: 704.16851541980 Str:  51 MRstruts:   0 Thi: 0.4999941 
 271 Rop: 704.16010452081 Str:  54 MRstruts:   0 Thi: 0.4999940 
 272 Rop: 704.15244555678 Str:  56 MRstruts:   0 Thi: 0.4999940 
 273 Rop: 704.14555768553 Str:  58 MRstruts:   0 Thi: 0.4999940 
 274 Rop: 704.13790631577 Str:  59 MRstruts:   0 Thi: 0.4999940 
 275 Rop: 704.13014202149 Str:  61 MRstruts:   0 Thi: 0.4999940 
 276 Rop: 704.11095186323 Str:  63 MRstruts:   0 Thi: 0.4999940 
 277 Rop: 704.05591135435 Str:  64 MRstruts:   0 Thi: 0.4999933 
 278 Rop: 703.26859440962 Str:  72 MRstruts:   0 Thi: 0.4990320 
 279 Rop: 703.26854156608 Str:   2 MRstruts:   0 Thi: 0.5000000 
 280 Rop: 703.00829387676 Str:   2 MRstruts:   0 Thi: 0.4999993 
 281 Rop: 703.00705278028 Str:   3 MRstruts:   0 Thi: 0.4999993 
 282 Rop: 703.00193431305 Str:   4 MRstruts:   0 Thi: 0.4999993 
 283 Rop: 703.00116444150 Str:   5 MRstruts:   0 Thi: 0.4999993 
 284 Rop: 702.99556525257 Str:   6 MRstruts:   0 Thi: 0.4999993 
 285 Rop: 702.99491518876 Str:   7 MRstruts:   0 Thi: 0.4999993 
 286 Rop: 702.97058273950 Str:   9 MRstruts:   0 Thi: 0.4999993 
 287 Rop: 702.96564665449 Str:  10 MRstruts:   0 Thi: 0.4999993 
 288 Rop: 702.96007237116 Str:  11 MRstruts:   0 Thi: 0.4999993 
 289 Rop: 702.95085983274 Str:  12 MRstruts:   0 Thi: 0.4999992 
 290 Rop: 702.94928012911 Str:  13 MRstruts:   0 Thi: 0.4999992 
 291 Rop: 702.94510635663 Str:  14 MRstruts:   0 Thi: 0.4999992 
 292 Rop: 702.93989286396 Str:  15 MRstruts:   0 Thi: 0.4999992 
 293 Rop: 702.91098321042 Str:  16 MRstruts:   0 Thi: 0.4999992 
 294 Rop: 702.88904861728 Str:  18 MRstruts:   0 Thi: 0.4999992 
 295 Rop: 702.86196953433 Str:  20 MRstruts:   0 Thi: 0.4999990 
 296 Rop: 702.85001007776 Str:  22 MRstruts:   0 Thi: 0.4999990 
 297 Rop: 702.82591783261 Str:  24 MRstruts:   0 Thi: 0.4999989 
 298 Rop: 702.80818299265 Str:  26 MRstruts:   0 Thi: 0.4999988 
 299 Rop: 702.80130837337 Str:  27 MRstruts:   0 Thi: 0.4999988 
 300 Rop: 702.79707480911 Str:  28 MRstruts:   0 Thi: 0.4999988 
ridgerunner: run complete. Terminated because 
ridgerunner: reached maximum number of steps (300).
ridgerunner: Run complete.
